Component: ARM Compiler 5.06 update 6 (build 750) Tool: armlink [4d35ed]

==============================================================================

Section Cross References

    startup_stm32l031xx.o(RESET) refers to startup_stm32l031xx.o(STACK) for __initial_sp
    startup_stm32l031xx.o(RESET) refers to startup_stm32l031xx.o(.text) for Reset_Handler
    startup_stm32l031xx.o(RESET) refers to stm32l0xx_it.o(i.NMI_Handler) for NMI_Handler
    startup_stm32l031xx.o(RESET) refers to stm32l0xx_it.o(i.HardFault_Handler) for HardFault_Handler
    startup_stm32l031xx.o(RESET) refers to stm32l0xx_it.o(i.SVC_Handler) for SVC_Handler
    startup_stm32l031xx.o(RESET) refers to stm32l0xx_it.o(i.PendSV_Handler) for PendSV_Handler
    startup_stm32l031xx.o(RESET) refers to stm32l0xx_it.o(i.SysTick_Handler) for SysTick_Handler
    startup_stm32l031xx.o(RESET) refers to stm32l0xx_it.o(i.I2C1_IRQHandler) for I2C1_IRQHandler
    startup_stm32l031xx.o(.text) refers to system_stm32l0xx.o(i.SystemInit) for SystemInit
    startup_stm32l031xx.o(.text) refers to entry.o(.ARM.Collect$$$$00000000) for __main
    main.o(i.MX_GPIO_Init) refers to memseta.o(.text) for __aeabi_memclr4
    main.o(i.MX_GPIO_Init) refers to stm32l0xx_hal_gpio.o(i.HAL_GPIO_WritePin) for HAL_GPIO_WritePin
    main.o(i.MX_GPIO_Init) refers to stm32l0xx_hal_gpio.o(i.HAL_GPIO_Init) for HAL_GPIO_Init
    main.o(i.MX_I2C1_Init) refers to stm32l0xx_hal_i2c.o(i.HAL_I2C_Init) for HAL_I2C_Init
    main.o(i.MX_I2C1_Init) refers to main.o(i.Error_Handler) for Error_Handler
    main.o(i.MX_I2C1_Init) refers to stm32l0xx_hal_i2c_ex.o(i.HAL_I2CEx_ConfigAnalogFilter) for HAL_I2CEx_ConfigAnalogFilter
    main.o(i.MX_I2C1_Init) refers to stm32l0xx_hal_i2c_ex.o(i.HAL_I2CEx_ConfigDigitalFilter) for HAL_I2CEx_ConfigDigitalFilter
    main.o(i.MX_I2C1_Init) refers to main.o(.bss) for .bss
    main.o(i.MX_USART2_UART_Init) refers to stm32l0xx_hal_uart.o(i.HAL_UART_Init) for HAL_UART_Init
    main.o(i.MX_USART2_UART_Init) refers to main.o(i.Error_Handler) for Error_Handler
    main.o(i.MX_USART2_UART_Init) refers to main.o(.bss) for .bss
    main.o(i.SystemClock_Config) refers to memseta.o(.text) for __aeabi_memclr4
    main.o(i.SystemClock_Config) refers to stm32l0xx_hal_rcc.o(i.HAL_RCC_OscConfig) for HAL_RCC_OscConfig
    main.o(i.SystemClock_Config) refers to main.o(i.Error_Handler) for Error_Handler
    main.o(i.SystemClock_Config) refers to stm32l0xx_hal_rcc.o(i.HAL_RCC_ClockConfig) for HAL_RCC_ClockConfig
    main.o(i.SystemClock_Config) refers to stm32l0xx_hal_rcc_ex.o(i.HAL_RCCEx_PeriphCLKConfig) for HAL_RCCEx_PeriphCLKConfig
    main.o(i.main) refers to stm32l0xx_hal.o(i.HAL_Init) for HAL_Init
    main.o(i.main) refers to main.o(i.SystemClock_Config) for SystemClock_Config
    main.o(i.main) refers to main.o(i.MX_GPIO_Init) for MX_GPIO_Init
    main.o(i.main) refers to main.o(i.MX_I2C1_Init) for MX_I2C1_Init
    main.o(i.main) refers to main.o(i.MX_USART2_UART_Init) for MX_USART2_UART_Init
    main.o(i.main) refers to bme280.o(i.BME280_Init) for BME280_Init
    main.o(i.main) refers to bme280.o(i.BME280_ReadTemperature) for BME280_ReadTemperature
    main.o(i.main) refers to f2d.o(.text) for __aeabi_f2d
    main.o(i.main) refers to printfa.o(i.__0sprintf) for __2sprintf
    main.o(i.main) refers to strlen.o(.text) for strlen
    main.o(i.main) refers to stm32l0xx_hal_uart.o(i.HAL_UART_Transmit) for HAL_UART_Transmit
    main.o(i.main) refers to bme280.o(i.BME280_ReadPressure) for BME280_ReadPressure
    main.o(i.main) refers to fmul.o(.text) for __aeabi_fmul
    main.o(i.main) refers to fdiv.o(.text) for __aeabi_fdiv
    main.o(i.main) refers to bme280.o(i.BME280_ReadAltitude) for BME280_ReadAltitude
    main.o(i.main) refers to bme280.o(i.BME280_ReadHumidity) for BME280_ReadHumidity
    main.o(i.main) refers to stm32l0xx_hal.o(i.HAL_Delay) for HAL_Delay
    main.o(i.main) refers to main.o(.bss) for .bss
    stm32l0xx_it.o(i.I2C1_IRQHandler) refers to stm32l0xx_hal_i2c.o(i.HAL_I2C_ER_IRQHandler) for HAL_I2C_ER_IRQHandler
    stm32l0xx_it.o(i.I2C1_IRQHandler) refers to stm32l0xx_hal_i2c.o(i.HAL_I2C_EV_IRQHandler) for HAL_I2C_EV_IRQHandler
    stm32l0xx_it.o(i.I2C1_IRQHandler) refers to main.o(.bss) for hi2c1
    stm32l0xx_it.o(i.SysTick_Handler) refers to stm32l0xx_hal.o(i.HAL_IncTick) for HAL_IncTick
    stm32l0xx_hal_msp.o(i.HAL_I2C_MspDeInit) refers to stm32l0xx_hal_gpio.o(i.HAL_GPIO_DeInit) for HAL_GPIO_DeInit
    stm32l0xx_hal_msp.o(i.HAL_I2C_MspDeInit) refers to stm32l0xx_hal_cortex.o(i.HAL_NVIC_DisableIRQ) for HAL_NVIC_DisableIRQ
    stm32l0xx_hal_msp.o(i.HAL_I2C_MspInit) refers to memseta.o(.text) for __aeabi_memclr4
    stm32l0xx_hal_msp.o(i.HAL_I2C_MspInit) refers to stm32l0xx_hal_gpio.o(i.HAL_GPIO_Init) for HAL_GPIO_Init
    stm32l0xx_hal_msp.o(i.HAL_I2C_MspInit) refers to stm32l0xx_hal_cortex.o(i.HAL_NVIC_SetPriority) for HAL_NVIC_SetPriority
[...]
    Removing stm32l0xx_hal.o(i.HAL_DBGMCU_DisableDBGStopMode), (16 bytes).
    Removing stm32l0xx_hal.o(i.HAL_DBGMCU_EnableDBGSleepMode), (16 bytes).
    Removing stm32l0xx_hal.o(i.HAL_DBGMCU_EnableDBGStandbyMode), (16 bytes).
    Removing stm32l0xx_hal.o(i.HAL_DBGMCU_EnableDBGStopMode), (16 bytes).
    Removing stm32l0xx_hal.o(i.HAL_DeInit), (40 bytes).
    Removing stm32l0xx_hal.o(i.HAL_GetDEVID), (16 bytes).
    Removing stm32l0xx_hal.o(i.HAL_GetHalVersion), (8 bytes).
    Removing stm32l0xx_hal.o(i.HAL_GetREVID), (12 bytes).
    Removing stm32l0xx_hal.o(i.HAL_GetUIDw0), (12 bytes).
    Removing stm32l0xx_hal.o(i.HAL_GetUIDw1), (12 bytes).
    Removing stm32l0xx_hal.o(i.HAL_GetUIDw2), (12 bytes).
    Removing stm32l0xx_hal.o(i.HAL_MspDeInit), (2 bytes).
    Removing stm32l0xx_hal.o(i.HAL_MspInit), (2 bytes).
    Removing stm32l0xx_hal.o(i.HAL_ResumeTick), (16 bytes).
    Removing stm32l0xx_hal.o(i.HAL_SYSCFG_Disable_Lock_VREFINT), (16 bytes).
    Removing stm32l0xx_hal.o(i.HAL_SYSCFG_Enable_Lock_VREFINT), (16 bytes).
    Removing stm32l0xx_hal.o(i.HAL_SYSCFG_GetBootMode), (16 bytes).
    Removing stm32l0xx_hal.o(i.HAL_SYSCFG_VREFINT_OutputSelect), (24 bytes).
    Removing stm32l0xx_hal.o(i.HAL_SuspendTick), (16 bytes).
    Removing stm32l0xx_hal_rcc.o(.rev16_text), (4 bytes).
    Removing stm32l0xx_hal_rcc.o(.revsh_text), (4 bytes).
    Removing stm32l0xx_hal_rcc.o(i.HAL_RCC_CSSCallback), (2 bytes).
    Removing stm32l0xx_hal_rcc.o(i.HAL_RCC_DeInit), (212 bytes).
    Removing stm32l0xx_hal_rcc.o(i.HAL_RCC_EnableCSS), (20 bytes).
    Removing stm32l0xx_hal_rcc.o(i.HAL_RCC_GetClockConfig), (64 bytes).
    Removing stm32l0xx_hal_rcc.o(i.HAL_RCC_GetOscConfig), (188 bytes).
    Removing stm32l0xx_hal_rcc.o(i.HAL_RCC_MCOConfig), (160 bytes).
    Removing stm32l0xx_hal_rcc.o(i.HAL_RCC_NMI_IRQHandler), (24 bytes).
    Removing stm32l0xx_hal_rcc_ex.o(.rev16_text), (4 bytes).
    Removing stm32l0xx_hal_rcc_ex.o(.revsh_text), (4 bytes).
    Removing stm32l0xx_hal_rcc_ex.o(i.HAL_RCCEx_DisableLSECSS), (32 bytes).
    Removing stm32l0xx_hal_rcc_ex.o(i.HAL_RCCEx_EnableLSECSS), (20 bytes).
    Removing stm32l0xx_hal_rcc_ex.o(i.HAL_RCCEx_EnableLSECSS_IT), (52 bytes).
    Removing stm32l0xx_hal_rcc_ex.o(i.HAL_RCCEx_GetPeriphCLKConfig), (84 bytes).
    Removing stm32l0xx_hal_rcc_ex.o(i.HAL_RCCEx_GetPeriphCLKFreq), (356 bytes).
    Removing stm32l0xx_hal_rcc_ex.o(i.HAL_RCCEx_LSECSS_Callback), (2 bytes).
    Removing stm32l0xx_hal_rcc_ex.o(i.HAL_RCCEx_LSECSS_IRQHandler), (24 bytes).
    Removing stm32l0xx_hal_flash_ramfunc.o(.rev16_text), (4 bytes).
    Removing stm32l0xx_hal_flash_ramfunc.o(.revsh_text), (4 bytes).
    Removing stm32l0xx_hal_flash_ramfunc.o(i.FLASHRAM_SetErrorCode), (144 bytes).
    Removing stm32l0xx_hal_flash_ramfunc.o(i.FLASHRAM_WaitForLastOperation), (96 bytes).
    Removing stm32l0xx_hal_flash_ramfunc.o(i.HAL_FLASHEx_DisableRunPowerDown), (36 bytes).
    Removing stm32l0xx_hal_flash_ramfunc.o(i.HAL_FLASHEx_EnableRunPowerDown), (36 bytes).
    Removing stm32l0xx_hal_flash_ramfunc.o(i.HAL_FLASHEx_GetError), (16 bytes).
    Removing stm32l0xx_hal_flash_ramfunc.o(i.HAL_FLASHEx_HalfPageProgram), (88 bytes).
    Removing stm32l0xx_hal_flash.o(.rev16_text), (4 bytes).
    Removing stm32l0xx_hal_flash.o(.revsh_text), (4 bytes).
    Removing stm32l0xx_hal_flash.o(i.FLASH_SetErrorCode), (144 bytes).
    Removing stm32l0xx_hal_flash.o(i.FLASH_WaitForLastOperation), (112 bytes).
    Removing stm32l0xx_hal_flash.o(i.HAL_FLASH_EndOfOperationCallback), (2 bytes).
    Removing stm32l0xx_hal_flash.o(i.HAL_FLASH_GetError), (12 bytes).
    Removing stm32l0xx_hal_flash.o(i.HAL_FLASH_IRQHandler), (220 bytes).
    Removing stm32l0xx_hal_flash.o(i.HAL_FLASH_Lock), (28 bytes).
    Removing stm32l0xx_hal_flash.o(i.HAL_FLASH_OB_Launch), (32 bytes).
    Removing stm32l0xx_hal_flash.o(i.HAL_FLASH_OB_Lock), (20 bytes).
    Removing stm32l0xx_hal_flash.o(i.HAL_FLASH_OB_Unlock), (68 bytes).
    Removing stm32l0xx_hal_flash.o(i.HAL_FLASH_OperationErrorCallback), (2 bytes).
    Removing stm32l0xx_hal_flash.o(i.HAL_FLASH_Program), (60 bytes).
    Removing stm32l0xx_hal_flash.o(i.HAL_FLASH_Program_IT), (60 bytes).
    Removing stm32l0xx_hal_flash.o(i.HAL_FLASH_Unlock), (96 bytes).
    Removing stm32l0xx_hal_flash.o(.bss), (24 bytes).
    Removing stm32l0xx_hal_flash_ex.o(.rev16_text), (4 bytes).
    Removing stm32l0xx_hal_flash_ex.o(.revsh_text), (4 bytes).
    Removing stm32l0xx_hal_flash_ex.o(i.FLASH_OB_BOOTBit1Config), (60 bytes).
    Removing stm32l0xx_hal_flash_ex.o(i.FLASH_OB_BORConfig), (64 bytes).
    Removing stm32l0xx_hal_flash_ex.o(i.FLASH_OB_GetBOOTBit1), (12 bytes).
    Removing stm32l0xx_hal_flash_ex.o(i.FLASH_OB_GetBOR), (16 bytes).
    Removing stm32l0xx_hal_flash_ex.o(i.FLASH_OB_GetRDP), (24 bytes).
    Removing stm32l0xx_hal_flash_ex.o(i.FLASH_OB_GetUser), (16 bytes).
    Removing stm32l0xx_hal_flash_ex.o(i.FLASH_OB_GetWRP), (12 bytes).
    Removing stm32l0xx_hal_flash_ex.o(i.FLASH_OB_ProtectedSectorsConfig), (92 bytes).
    Removing stm32l0xx_hal_flash_ex.o(i.FLASH_OB_RDPConfig), (60 bytes).
    Removing stm32l0xx_hal_flash_ex.o(i.FLASH_OB_UserConfig), (68 bytes).
    Removing stm32l0xx_hal_flash_ex.o(i.FLASH_PageErase), (44 bytes).
    Removing stm32l0xx_hal_flash_ex.o(i.HAL_FLASHEx_AdvOBGetConfig), (24 bytes).
    Removing stm32l0xx_hal_flash_ex.o(i.HAL_FLASHEx_AdvOBProgram), (24 bytes).
    Removing stm32l0xx_hal_flash_ex.o(i.HAL_FLASHEx_DATAEEPROM_DisableFixedTimeProgram), (16 bytes).
    Removing stm32l0xx_hal_flash_ex.o(i.HAL_FLASHEx_DATAEEPROM_EnableFixedTimeProgram), (16 bytes).
    Removing stm32l0xx_hal_flash_ex.o(i.HAL_FLASHEx_DATAEEPROM_Erase), (40 bytes).
    Removing stm32l0xx_hal_flash_ex.o(i.HAL_FLASHEx_DATAEEPROM_Lock), (20 bytes).
    Removing stm32l0xx_hal_flash_ex.o(i.HAL_FLASHEx_DATAEEPROM_Program), (92 bytes).
    Removing stm32l0xx_hal_flash_ex.o(i.HAL_FLASHEx_DATAEEPROM_Unlock), (52 bytes).
    Removing stm32l0xx_hal_flash_ex.o(i.HAL_FLASHEx_Erase), (116 bytes).
    Removing stm32l0xx_hal_flash_ex.o(i.HAL_FLASHEx_Erase_IT), (92 bytes).
    Removing stm32l0xx_hal_flash_ex.o(i.HAL_FLASHEx_OBGetConfig), (40 bytes).
    Removing stm32l0xx_hal_flash_ex.o(i.HAL_FLASHEx_OBProgram), (144 bytes).
    Removing stm32l0xx_hal_flash_ex.o(i.HAL_FLASHEx_OB_DeSelectPCROP), (52 bytes).
    Removing stm32l0xx_hal_flash_ex.o(i.HAL_FLASHEx_OB_SelectPCROP), (56 bytes).
    Removing stm32l0xx_hal_gpio.o(.rev16_text), (4 bytes).
    Removing stm32l0xx_hal_gpio.o(.revsh_text), (4 bytes).
    Removing stm32l0xx_hal_gpio.o(i.HAL_GPIO_DeInit), (212 bytes).
    Removing stm32l0xx_hal_gpio.o(i.HAL_GPIO_EXTI_Callback), (2 bytes).
    Removing stm32l0xx_hal_gpio.o(i.HAL_GPIO_EXTI_IRQHandler), (24 bytes).
    Removing stm32l0xx_hal_gpio.o(i.HAL_GPIO_LockPin), (38 bytes).
    Removing stm32l0xx_hal_gpio.o(i.HAL_GPIO_ReadPin), (14 bytes).
    Removing stm32l0xx_hal_gpio.o(i.HAL_GPIO_TogglePin), (8 bytes).
    Removing stm32l0xx_hal_dma.o(.rev16_text), (4 bytes).
    Removing stm32l0xx_hal_dma.o(.revsh_text), (4 bytes).
    Removing stm32l0xx_hal_dma.o(i.DMA_SetConfig), (46 bytes).
    Removing stm32l0xx_hal_dma.o(i.HAL_DMA_Abort), (68 bytes).
    Removing stm32l0xx_hal_dma.o(i.HAL_DMA_DeInit), (104 bytes).
    Removing stm32l0xx_hal_dma.o(i.HAL_DMA_GetError), (4 bytes).
    Removing stm32l0xx_hal_dma.o(i.HAL_DMA_GetState), (6 bytes).
    Removing stm32l0xx_hal_dma.o(i.HAL_DMA_IRQHandler), (180 bytes).
    Removing stm32l0xx_hal_dma.o(i.HAL_DMA_Init), (148 bytes).
    Removing stm32l0xx_hal_dma.o(i.HAL_DMA_PollForTransfer), (220 bytes).
    Removing stm32l0xx_hal_dma.o(i.HAL_DMA_RegisterCallback), (74 bytes).
    Removing stm32l0xx_hal_dma.o(i.HAL_DMA_Start), (76 bytes).
    Removing stm32l0xx_hal_dma.o(i.HAL_DMA_Start_IT), (114 bytes).
    Removing stm32l0xx_hal_dma.o(i.HAL_DMA_UnRegisterCallback), (82 bytes).
    Removing stm32l0xx_hal_pwr.o(.rev16_text), (4 bytes).
    Removing stm32l0xx_hal_pwr.o(.revsh_text), (4 bytes).
    Removing stm32l0xx_hal_pwr.o(i.HAL_PWR_ConfigPVD), (104 bytes).
    Removing stm32l0xx_hal_pwr.o(i.HAL_PWR_DeInit), (24 bytes).
    Removing stm32l0xx_hal_pwr.o(i.HAL_PWR_DisableBkUpAccess), (16 bytes).
    Removing stm32l0xx_hal_pwr.o(i.HAL_PWR_DisablePVD), (16 bytes).
    Removing stm32l0xx_hal_pwr.o(i.HAL_PWR_DisableSEVOnPend), (16 bytes).
    Removing stm32l0xx_hal_pwr.o(i.HAL_PWR_DisableSleepOnExit), (16 bytes).
    Removing stm32l0xx_hal_pwr.o(i.HAL_PWR_DisableWakeUpPin), (16 bytes).
    Removing stm32l0xx_hal_pwr.o(i.HAL_PWR_EnableBkUpAccess), (16 bytes).
    Removing stm32l0xx_hal_pwr.o(i.HAL_PWR_EnablePVD), (16 bytes).
    Removing stm32l0xx_hal_pwr.o(i.HAL_PWR_EnableSEVOnPend), (16 bytes).
    Removing stm32l0xx_hal_pwr.o(i.HAL_PWR_EnableSleepOnExit), (16 bytes).
    Removing stm32l0xx_hal_pwr.o(i.HAL_PWR_EnableWakeUpPin), (16 bytes).
    Removing stm32l0xx_hal_pwr.o(i.HAL_PWR_EnterSLEEPMode), (48 bytes).
    Removing stm32l0xx_hal_pwr.o(i.HAL_PWR_EnterSTANDBYMode), (32 bytes).
    Removing stm32l0xx_hal_pwr.o(i.HAL_PWR_EnterSTOPMode), (52 bytes).
    Removing stm32l0xx_hal_pwr.o(i.HAL_PWR_PVDCallback), (2 bytes).
    Removing stm32l0xx_hal_pwr.o(i.HAL_PWR_PVD_IRQHandler), (28 bytes).
    Removing stm32l0xx_hal_pwr_ex.o(.rev16_text), (4 bytes).
    Removing stm32l0xx_hal_pwr_ex.o(.revsh_text), (4 bytes).
    Removing stm32l0xx_hal_pwr_ex.o(i.HAL_PWREx_DisableFastWakeUp), (16 bytes).
    Removing stm32l0xx_hal_pwr_ex.o(i.HAL_PWREx_DisableLowPowerRunMode), (76 bytes).
    Removing stm32l0xx_hal_pwr_ex.o(i.HAL_PWREx_DisableUltraLowPower), (16 bytes).
    Removing stm32l0xx_hal_pwr_ex.o(i.HAL_PWREx_EnableFastWakeUp), (16 bytes).
    Removing stm32l0xx_hal_pwr_ex.o(i.HAL_PWREx_EnableLowPowerRunMode), (24 bytes).
    Removing stm32l0xx_hal_pwr_ex.o(i.HAL_PWREx_EnableUltraLowPower), (16 bytes).
    Removing stm32l0xx_hal_pwr_ex.o(i.HAL_PWREx_GetVoltageRange), (16 bytes).
    Removing stm32l0xx_hal_cortex.o(.rev16_text), (4 bytes).
    Removing stm32l0xx_hal_cortex.o(.revsh_text), (4 bytes).
    Removing stm32l0xx_hal_cortex.o(i.HAL_NVIC_ClearPendingIRQ), (20 bytes).
    Removing stm32l0xx_hal_cortex.o(i.HAL_NVIC_DisableIRQ), (20 bytes).
    Removing stm32l0xx_hal_cortex.o(i.HAL_NVIC_GetPendingIRQ), (28 bytes).
    Removing stm32l0xx_hal_cortex.o(i.HAL_NVIC_GetPriority), (60 bytes).
    Removing stm32l0xx_hal_cortex.o(i.HAL_NVIC_SetPendingIRQ), (20 bytes).
    Removing stm32l0xx_hal_cortex.o(i.HAL_NVIC_SystemReset), (28 bytes).
    Removing stm32l0xx_hal_cortex.o(i.HAL_SYSTICK_CLKSourceConfig), (28 bytes).
    Removing stm32l0xx_hal_cortex.o(i.HAL_SYSTICK_Callback), (2 bytes).
    Removing stm32l0xx_hal_cortex.o(i.HAL_SYSTICK_IRQHandler), (8 bytes).
    Removing system_stm32l0xx.o(.rev16_text), (4 bytes).
    Removing system_stm32l0xx.o(.revsh_text), (4 bytes).
    Removing system_stm32l0xx.o(i.SystemCoreClockUpdate), (188 bytes).
    Removing cdcmple.o(.text), (40 bytes).

301 unused section(s) (total 20318 bytes) removed from the image.

==============================================================================

Image Symbol Table

    Local Symbols

    Symbol Name                              Value     Ov Type        Size  Object(Section)

    ../Drivers/STM32L0xx_HAL_Driver/Src/stm32l0xx_hal.c 0x00000000   Number         0  stm32l0xx_hal.o ABSOLUTE
    ../Drivers/STM32L0xx_HAL_Driver/Src/stm32l0xx_hal_cortex.c 0x00000000   Number         0  stm32l0xx_hal_cortex.o ABSOLUTE
    ../Drivers/STM32L0xx_HAL_Driver/Src/stm32l0xx_hal_dma.c 0x00000000   Number         0  stm32l0xx_hal_dma.o ABSOLUTE
    ../Drivers/STM32L0xx_HAL_Driver/Src/stm32l0xx_hal_flash.c 0x00000000   Number         0  stm32l0xx_hal_flash.o ABSOLUTE
    ../Drivers/STM32L0xx_HAL_Driver/Src/stm32l0xx_hal_flash_ex.c 0x00000000   Number         0  stm32l0xx_hal_flash_ex.o ABSOLUTE
    ../Drivers/STM32L0xx_HAL_Driver/Src/stm32l0xx_hal_flash_ramfunc.c 0x00000000   Number         0  stm32l0xx_hal_flash_ramfunc.o ABSOLUTE
    ../Drivers/STM32L0xx_HAL_Driver/Src/stm32l0xx_hal_gpio.c 0x00000000   Number         0  stm32l0xx_hal_gpio.o ABSOLUTE
    ../Drivers/STM32L0xx_HAL_Driver/Src/stm32l0xx_hal_i2c.c 0x00000000   Number         0  stm32l0xx_hal_i2c.o ABSOLUTE
    ../Drivers/STM32L0xx_HAL_Driver/Src/stm32l0xx_hal_i2c_ex.c 0x00000000   Number         0  stm32l0xx_hal_i2c_ex.o ABSOLUTE
    ../Drivers/STM32L0xx_HAL_Driver/Src/stm32l0xx_hal_pwr.c 0x00000000   Number         0  stm32l0xx_hal_pwr.o ABSOLUTE
    ../Drivers/STM32L0xx_HAL_Driver/Src/stm32l0xx_hal_pwr_ex.c 0x00000000   Number         0  stm32l0xx_hal_pwr_ex.o ABSOLUTE
    ../Drivers/STM32L0xx_HAL_Driver/Src/stm32l0xx_hal_rcc.c 0x00000000   Number         0  stm32l0xx_hal_rcc.o ABSOLUTE
    ../Drivers/STM32L0xx_HAL_Driver/Src/stm32l0xx_hal_rcc_ex.c 0x00000000   Number         0  stm32l0xx_hal_rcc_ex.o ABSOLUTE
    ../Drivers/STM32L0xx_HAL_Driver/Src/stm32l0xx_hal_tim.c 0x00000000   Number         0  stm32l0xx_hal_tim.o ABSOLUTE
    ../Drivers/STM32L0xx_HAL_Driver/Src/stm32l0xx_hal_tim_ex.c 0x00000000   Number         0  stm32l0xx_hal_tim_ex.o ABSOLUTE
    ../Drivers/STM32L0xx_HAL_Driver/Src/stm32l0xx_hal_uart.c 0x00000000   Number         0  stm32l0xx_hal_uart.o ABSOLUTE
    ../Drivers/STM32L0xx_HAL_Driver/Src/stm32l0xx_hal_uart_ex.c 0x00000000   Number         0  stm32l0xx_hal_uart_ex.o ABSOLUTE
    ../Src/main.c                            0x00000000   Number         0  main.o ABSOLUTE
    ../Src/stm32l0xx_hal_msp.c               0x00000000   Number         0  stm32l0xx_hal_msp.o ABSOLUTE
    ../Src/stm32l0xx_it.c                    0x00000000   Number         0  stm32l0xx_it.o ABSOLUTE
    ../Src/system_stm32l0xx.c                0x00000000   Number         0  system_stm32l0xx.o ABSOLUTE
    ../clib/microlib/division.c              0x00000000   Number         0  ldiv.o ABSOLUTE
    ../clib/microlib/division.c              0x00000000   Number         0  uidiv.o ABSOLUTE
    ../clib/microlib/division.c              0x00000000   Number         0  uldiv.o ABSOLUTE
    ../clib/microlib/errno.c                 0x00000000   Number         0  errno.o ABSOLUTE
    ../clib/microlib/init/entry.s            0x00000000   Number         0  entry10a.o ABSOLUTE
    ../clib/microlib/init/entry.s            0x00000000   Number         0  entry9b.o ABSOLUTE
    ../clib/microlib/init/entry.s            0x00000000   Number         0  entry7b.o ABSOLUTE
    ../clib/microlib/init/entry.s            0x00000000   Number         0  entry8b.o ABSOLUTE
    ../clib/microlib/init/entry.s            0x00000000   Number         0  entry8a.o ABSOLUTE
    ../clib/microlib/init/entry.s            0x00000000   Number         0  entry9a.o ABSOLUTE
    ../clib/microlib/init/entry.s            0x00000000   Number         0  entry.o ABSOLUTE
    ../clib/microlib/init/entry.s            0x00000000   Number         0  entry5.o ABSOLUTE
    ../clib/microlib/init/entry.s            0x00000000   Number         0  entry2.o ABSOLUTE
    ../clib/microlib/init/entry.s            0x00000000   Number         0  entry7a.o ABSOLUTE
    ../clib/microlib/init/entry.s            0x00000000   Number         0  entry11b.o ABSOLUTE
    ../clib/microlib/init/entry.s            0x00000000   Number         0  entry11a.o ABSOLUTE
    ../clib/microlib/init/entry.s            0x00000000   Number         0  entry10b.o ABSOLUTE
    ../clib/microlib/longlong.c              0x00000000   Number         0  llmul.o ABSOLUTE
    ../clib/microlib/longlong.c              0x00000000   Number         0  llsshr.o ABSOLUTE
    ../clib/microlib/longlong.c              0x00000000   Number         0  llushr.o ABSOLUTE
    ../clib/microlib/longlong.c              0x00000000   Number         0  llshl.o ABSOLUTE
    ../clib/microlib/printf/printf.c         0x00000000   Number         0  printf3.o ABSOLUTE
    ../clib/microlib/printf/printf.c         0x00000000   Number         0  printf4.o ABSOLUTE
    ../clib/microlib/printf/printf.c         0x00000000   Number         0  printfa.o ABSOLUTE
    ../clib/microlib/printf/printf.c         0x00000000   Number         0  printf2.o ABSOLUTE
    ../clib/microlib/printf/printf.c         0x00000000   Number         0  printf7.o ABSOLUTE
    ../clib/microlib/printf/printf.c         0x00000000   Number         0  printfb.o ABSOLUTE
    ../clib/microlib/printf/printf.c         0x00000000   Number         0  printf5.o ABSOLUTE
    ../clib/microlib/printf/printf.c         0x00000000   Number         0  printf0.o ABSOLUTE
    ../clib/microlib/printf/printf.c         0x00000000   Number         0  printf6.o ABSOLUTE
    ../clib/microlib/printf/printf.c         0x00000000   Number         0  printf1.o ABSOLUTE
    ../clib/microlib/printf/printf.c         0x00000000   Number         0  printf8.o ABSOLUTE
    ../clib/microlib/printf/stubs.s          0x00000000   Number         0  stubs.o ABSOLUTE
    ../clib/microlib/stdio/fputc.c           0x00000000   Number         0  fputc.o ABSOLUTE
    ../clib/microlib/stdio/semi.s            0x00000000   Number         0  semi.o ABSOLUTE
    ../clib/microlib/stdio/streams.c         0x00000000   Number         0  stdout.o ABSOLUTE
    ../clib/microlib/string/memset.c         0x00000000   Number         0  memseta.o ABSOLUTE
    ../clib/microlib/string/strlen.c         0x00000000   Number         0  strlen.o ABSOLUTE
    ../clib/microlib/stubs.s                 0x00000000   Number         0  iusefp.o ABSOLUTE
    ../clib/microlib/stubs.s                 0x00000000   Number         0  iusesemip.o ABSOLUTE
    ../fplib/microlib/d2f.c                  0x00000000   Number         0  d2f.o ABSOLUTE
    ../fplib/microlib/f2d.c                  0x00000000   Number         0  f2d.o ABSOLUTE
    ../fplib/microlib/fpadd.c                0x00000000   Number         0  dadd.o ABSOLUTE
    ../fplib/microlib/fpdiv.c                0x00000000   Number         0  fdiv.o ABSOLUTE
    ../fplib/microlib/fpdiv.c                0x00000000   Number         0  ddiv.o ABSOLUTE
    ../fplib/microlib/fpepilogue.c           0x00000000   Number         0  depilogue.o ABSOLUTE
    ../fplib/microlib/fpepilogue.c           0x00000000   Number         0  fepilogue.o ABSOLUTE
    ../fplib/microlib/fpfix.c                0x00000000   Number         0  dfixul.o ABSOLUTE
    ../fplib/microlib/fpflt.c                0x00000000   Number         0  ffltui.o ABSOLUTE
    ../fplib/microlib/fpflt.c                0x00000000   Number         0  dflti.o ABSOLUTE
    ../fplib/microlib/fpflt.c                0x00000000   Number         0  fflti.o ABSOLUTE
    ../fplib/microlib/fpmul.c                0x00000000   Number         0  fmul.o ABSOLUTE
    ../fplib/microlib/fpmul.c                0x00000000   Number         0  dmul.o ABSOLUTE
    ../fplib/microlib/fpscalb.c              0x00000000   Number         0  fscalb.o ABSOLUTE
    ../fplib/microlib/fpscalb.c              0x00000000   Number         0  dscalb.o ABSOLUTE
    ../fplib/microlib/fpsqrt.c               0x00000000   Number         0  dsqrt.o ABSOLUTE
    ../mathlib/dunder.c                      0x00000000   Number         0  dunder.o ABSOLUTE
    ../mathlib/fpclassify.c                  0x00000000   Number         0  fpclassify.o ABSOLUTE
    ../mathlib/poly.c                        0x00000000   Number         0  poly.o ABSOLUTE
    ../mathlib/pow.c                         0x00000000   Number         0  pow_x.o ABSOLUTE
    ../mathlib/pow.c                         0x00000000   Number         0  pow.o ABSOLUTE
    ../mathlib/qnan.c                        0x00000000   Number         0  qnan.o ABSOLUTE
    ../mathlib/sqrt.c                        0x00000000   Number         0  sqrt.o ABSOLUTE
    ../mathlib/sqrt.c                        0x00000000   Number         0  sqrt_x.o ABSOLUTE
    ..\Drivers\STM32L0xx_HAL_Driver\Src\stm32l0xx_hal.c 0x00000000   Number         0  stm32l0xx_hal.o ABSOLUTE
    ..\Drivers\STM32L0xx_HAL_Driver\Src\stm32l0xx_hal_cortex.c 0x00000000   Number         0  stm32l0xx_hal_cortex.o ABSOLUTE
    ..\Drivers\STM32L0xx_HAL_Driver\Src\stm32l0xx_hal_dma.c 0x00000000   Number         0  stm32l0xx_hal_dma.o ABSOLUTE
    ..\Drivers\STM32L0xx_HAL_Driver\Src\stm32l0xx_hal_flash.c 0x00000000   Number         0  stm32l0xx_hal_flash.o ABSOLUTE
    ..\Drivers\STM32L0xx_HAL_Driver\Src\stm32l0xx_hal_flash_ex.c 0x00000000   Number         0  stm32l0xx_hal_flash_ex.o ABSOLUTE
    ..\Drivers\STM32L0xx_HAL_Driver\Src\stm32l0xx_hal_flash_ramfunc.c 0x00000000   Number         0  stm32l0xx_hal_flash_ramfunc.o ABSOLUTE
    ..\Drivers\STM32L0xx_HAL_Driver\Src\stm32l0xx_hal_gpio.c 0x00000000   Number         0  stm32l0xx_hal_gpio.o ABSOLUTE
    ..\Drivers\STM32L0xx_HAL_Driver\Src\stm32l0xx_hal_i2c.c 0x00000000   Number         0  stm32l0xx_hal_i2c.o ABSOLUTE
    ..\Drivers\STM32L0xx_HAL_Driver\Src\stm32l0xx_hal_i2c_ex.c 0x00000000   Number         0  stm32l0xx_hal_i2c_ex.o ABSOLUTE
    ..\Drivers\STM32L0xx_HAL_Driver\Src\stm32l0xx_hal_pwr.c 0x00000000   Number         0  stm32l0xx_hal_pwr.o ABSOLUTE
    ..\Drivers\STM32L0xx_HAL_Driver\Src\stm32l0xx_hal_pwr_ex.c 0x00000000   Number         0  stm32l0xx_hal_pwr_ex.o ABSOLUTE
    ..\Drivers\STM32L0xx_HAL_Driver\Src\stm32l0xx_hal_rcc.c 0x00000000   Number         0  stm32l0xx_hal_rcc.o ABSOLUTE
    ..\Drivers\STM32L0xx_HAL_Driver\Src\stm32l0xx_hal_rcc_ex.c 0x00000000   Number         0  stm32l0xx_hal_rcc_ex.o ABSOLUTE
    ..\Drivers\STM32L0xx_HAL_Driver\Src\stm32l0xx_hal_tim.c 0x00000000   Number         0  stm32l0xx_hal_tim.o ABSOLUTE
    ..\Drivers\STM32L0xx_HAL_Driver\Src\stm32l0xx_hal_tim_ex.c 0x00000000   Number         0  stm32l0xx_hal_tim_ex.o ABSOLUTE
    ..\Drivers\STM32L0xx_HAL_Driver\Src\stm32l0xx_hal_uart.c 0x00000000   Number         0  stm32l0xx_hal_uart.o ABSOLUTE
    ..\Drivers\STM32L0xx_HAL_Driver\Src\stm32l0xx_hal_uart_ex.c 0x00000000   Number         0  stm32l0xx_hal_uart_ex.o ABSOLUTE
    ..\Src\main.c                            0x00000000   Number         0  main.o ABSOLUTE
    ..\Src\stm32l0xx_hal_msp.c               0x00000000   Number         0  stm32l0xx_hal_msp.o ABSOLUTE
    ..\Src\stm32l0xx_it.c                    0x00000000   Number         0  stm32l0xx_it.o ABSOLUTE
    ..\Src\system_stm32l0xx.c                0x00000000   Number         0  system_stm32l0xx.o ABSOLUTE
    BME280.c                                 0x00000000   Number         0  bme280.o ABSOLUTE
    BME280.c                                 0x00000000   Number         0  bme280.o ABSOLUTE
    cdcmple.s                                0x00000000   Number         0  cdcmple.o ABSOLUTE
    cdrcmple.s                               0x00000000   Number         0  cdrcmple.o ABSOLUTE
    dc.s                                     0x00000000   Number         0  dc.o ABSOLUTE
    handlers.s                               0x00000000   Number         0  handlers.o ABSOLUTE
    init.s                                   0x00000000   Number         0  init.o ABSOLUTE
    startup_stm32l031xx.s                    0x00000000   Number         0  startup_stm32l031xx.o ABSOLUTE
    RESET                                    0x08000000   Section      192  startup_stm32l031xx.o(RESET)
    .ARM.Collect$$$$00000000                 0x080000c0   Section        0  entry.o(.ARM.Collect$$$$00000000)
    .ARM.Collect$$$$00000001                 0x080000c0   Section        4  entry2.o(.ARM.Collect$$$$00000001)
    .ARM.Collect$$$$00000004                 0x080000c4   Section        4  entry5.o(.ARM.Collect$$$$00000004)
    .ARM.Collect$$$$00000008                 0x080000c8   Section        0  entry7b.o(.ARM.Collect$$$$00000008)
    .ARM.Collect$$$$0000000A                 0x080000c8   Section        0  entry8b.o(.ARM.Collect$$$$0000000A)
    .ARM.Collect$$$$0000000B                 0x080000c8   Section        8  entry9a.o(.ARM.Collect$$$$0000000B)
    .ARM.Collect$$$$0000000D                 0x080000d0   Section        0  entry10a.o(.ARM.Collect$$$$0000000D)
    .ARM.Collect$$$$0000000F                 0x080000d0   Section        0  entry11a.o(.ARM.Collect$$$$0000000F)
    .ARM.Collect$$$$00002712                 0x080000d0   Section        4  entry2.o(.ARM.Collect$$$$00002712)
    __lit__00000000                          0x080000d0   Data           4  entry2.o(.ARM.Collect$$$$00002712)
    .text                                    0x080000d4   Section       28  startup_stm32l031xx.o(.text)
    .text                                    0x080000f0   Section        0  uidiv.o(.text)
    .text                                    0x0800011c   Section        0  uldiv.o(.text)
    .text                                    0x0800017c   Section        0  ldiv.o(.text)
    .text                                    0x080001c8   Section        0  llmul.o(.text)
    .text                                    0x08000242   Section        0  memseta.o(.text)
    .text                                    0x08000266   Section        0  strlen.o(.text)
    .text                                    0x08000274   Section        0  fmul.o(.text)
    .text                                    0x080002ee   Section        0  fdiv.o(.text)
    .text                                    0x0800036a   Section        0  fscalb.o(.text)
    .text                                    0x08000384   Section        0  dadd.o(.text)
    .text                                    0x080004e8   Section        0  dmul.o(.text)
    .text                                    0x080005b8   Section        0  fflti.o(.text)
    .text                                    0x080005ce   Section        0  ffltui.o(.text)
    .text                                    0x080005dc   Section        0  f2d.o(.text)
    .text                                    0x08000604   Section        0  d2f.o(.text)
    .text                                    0x0800063c   Section        0  llshl.o(.text)
    .text                                    0x0800065c   Section        0  llushr.o(.text)
    .text                                    0x0800067e   Section        0  llsshr.o(.text)
    .text                                    0x080006a4   Section        0  fepilogue.o(.text)
    .text                                    0x080006a4   Section        0  iusefp.o(.text)
    .text                                    0x08000726   Section        0  depilogue.o(.text)
    .text                                    0x080007e4   Section        0  ddiv.o(.text)
    .text                                    0x080008d4   Section        0  dscalb.o(.text)
    .text                                    0x08000900   Section        0  dflti.o(.text)
    .text                                    0x08000928   Section        0  dfixul.o(.text)
    .text                                    0x08000968   Section       40  cdrcmple.o(.text)
    .text                                    0x08000990   Section       36  init.o(.text)
    .text                                    0x080009b4   Section        0  dsqrt.o(.text)
    i.BME280_Init                            0x08000a58   Section        0  bme280.o(i.BME280_Init)
    i.BME280_ReadAltitude                    0x08000bb4   Section        0  bme280.o(i.BME280_ReadAltitude)
    i.BME280_ReadCoefficients                0x08000bf4   Section        0  bme280.o(i.BME280_ReadCoefficients)
    i.BME280_ReadHumidity                    0x08000ff8   Section        0  bme280.o(i.BME280_ReadHumidity)
    i.BME280_ReadPressure                    0x08001098   Section        0  bme280.o(i.BME280_ReadPressure)
    i.BME280_ReadReg                         0x0800125c   Section        0  bme280.o(i.BME280_ReadReg)
    i.BME280_ReadReg_BE_S16                  0x08001268   Section        0  bme280.o(i.BME280_ReadReg_BE_S16)
    i.BME280_ReadReg_BE_U24                  0x08001282   Section        0  bme280.o(i.BME280_ReadReg_BE_U24)
    i.BME280_ReadReg_S16                     0x080012a8   Section        0  bme280.o(i.BME280_ReadReg_S16)
    i.BME280_ReadReg_U16                     0x080012b6   Section        0  bme280.o(i.BME280_ReadReg_U16)
    i.BME280_ReadStatus                      0x080012c4   Section        0  bme280.o(i.BME280_ReadStatus)
    i.BME280_ReadTemperature                 0x080012d4   Section        0  bme280.o(i.BME280_ReadTemperature)
    i.BME280_SetFilter                       0x0800132c   Section        0  bme280.o(i.BME280_SetFilter)
    i.BME280_SetMode                         0x08001348   Section        0  bme280.o(i.BME280_SetMode)
    i.BME280_SetOversamplingHum              0x08001364   Section        0  bme280.o(i.BME280_SetOversamplingHum)
    i.BME280_SetOversamplingPressure         0x0800138e   Section        0  bme280.o(i.BME280_SetOversamplingPressure)
    i.BME280_SetOversamplingTemper           0x080013aa   Section        0  bme280.o(i.BME280_SetOversamplingTemper)
    i.BME280_SetStandby                      0x080013c6   Section        0  bme280.o(i.BME280_SetStandby)
    i.BME280_WriteReg                        0x080013e2   Section        0  bme280.o(i.BME280_WriteReg)
    i.Error                                  0x080013f0   Section        0  bme280.o(i.Error)
    i.Error_Handler                          0x08001404   Section        0  main.o(i.Error_Handler)
    i.HAL_DMA_Abort_IT                       0x08001406   Section        0  stm32l0xx_hal_dma.o(i.HAL_DMA_Abort_IT)
    i.HAL_Delay                              0x08001452   Section        0  stm32l0xx_hal.o(i.HAL_Delay)
    i.HAL_GPIO_Init                          0x08001470   Section        0  stm32l0xx_hal_gpio.o(i.HAL_GPIO_Init)
    i.HAL_GPIO_WritePin                      0x080015b8   Section        0  stm32l0xx_hal_gpio.o(i.HAL_GPIO_WritePin)
    i.HAL_GetTick                            0x080015c4   Section        0  stm32l0xx_hal.o(i.HAL_GetTick)
    i.HAL_I2CEx_ConfigAnalogFilter           0x080015d0   Section        0  stm32l0xx_hal_i2c_ex.o(i.HAL_I2CEx_ConfigAnalogFilter)
    i.HAL_I2CEx_ConfigDigitalFilter          0x0800161e   Section        0  stm32l0xx_hal_i2c_ex.o(i.HAL_I2CEx_ConfigDigitalFilter)
    i.HAL_I2C_AbortCpltCallback              0x0800166a   Section        0  stm32l0xx_hal_i2c.o(i.HAL_I2C_AbortCpltCallback)
    i.HAL_I2C_AddrCallback                   0x0800166c   Section        0  stm32l0xx_hal_i2c.o(i.HAL_I2C_AddrCallback)
    i.HAL_I2C_ER_IRQHandler                  0x0800166e   Section        0  stm32l0xx_hal_i2c.o(i.HAL_I2C_ER_IRQHandler)
    i.HAL_I2C_EV_IRQHandler                  0x080016cc   Section        0  stm32l0xx_hal_i2c.o(i.HAL_I2C_EV_IRQHandler)
    i.HAL_I2C_ErrorCallback                  0x080016dc   Section        0  stm32l0xx_hal_i2c.o(i.HAL_I2C_ErrorCallback)
    i.HAL_I2C_Init                           0x080016e0   Section        0  stm32l0xx_hal_i2c.o(i.HAL_I2C_Init)
    i.HAL_I2C_ListenCpltCallback             0x0800179c   Section        0  stm32l0xx_hal_i2c.o(i.HAL_I2C_ListenCpltCallback)
    i.HAL_I2C_Mem_Read                       0x080017a0   Section        0  stm32l0xx_hal_i2c.o(i.HAL_I2C_Mem_Read)
    i.HAL_I2C_Mem_Write                      0x08001914   Section        0  stm32l0xx_hal_i2c.o(i.HAL_I2C_Mem_Write)
    i.HAL_I2C_MspInit                        0x08001a80   Section        0  stm32l0xx_hal_msp.o(i.HAL_I2C_MspInit)
    i.HAL_I2C_SlaveRxCpltCallback            0x08001ae8   Section        0  stm32l0xx_hal_i2c.o(i.HAL_I2C_SlaveRxCpltCallback)
    i.HAL_I2C_SlaveTxCpltCallback            0x08001aea   Section        0  stm32l0xx_hal_i2c.o(i.HAL_I2C_SlaveTxCpltCallback)
    i.HAL_IncTick                            0x08001aec   Section        0  stm32l0xx_hal.o(i.HAL_IncTick)
    i.HAL_Init                               0x08001afc   Section        0  stm32l0xx_hal.o(i.HAL_Init)
    i.HAL_InitTick                           0x08001b24   Section        0  stm32l0xx_hal.o(i.HAL_InitTick)
    i.HAL_MspInit                            0x08001b54   Section        0  stm32l0xx_hal_msp.o(i.HAL_MspInit)
    i.HAL_NVIC_EnableIRQ                     0x08001b6c   Section        0  stm32l0xx_hal_cortex.o(i.HAL_NVIC_EnableIRQ)
    i.HAL_NVIC_SetPriority                   0x08001b80   Section        0  stm32l0xx_hal_cortex.o(i.HAL_NVIC_SetPriority)
    i.HAL_RCCEx_PeriphCLKConfig              0x08001b88   Section        0  stm32l0xx_hal_rcc_ex.o(i.HAL_RCCEx_PeriphCLKConfig)
    i.HAL_RCC_ClockConfig                    0x08001cf4   Section        0  stm32l0xx_hal_rcc.o(i.HAL_RCC_ClockConfig)
    i.HAL_RCC_GetHCLKFreq                    0x08001e88   Section        0  stm32l0xx_hal_rcc.o(i.HAL_RCC_GetHCLKFreq)
    i.HAL_RCC_GetPCLK1Freq                   0x08001e94   Section        0  stm32l0xx_hal_rcc.o(i.HAL_RCC_GetPCLK1Freq)
    i.HAL_RCC_GetPCLK2Freq                   0x08001eb4   Section        0  stm32l0xx_hal_rcc.o(i.HAL_RCC_GetPCLK2Freq)
    i.HAL_RCC_GetSysClockFreq                0x08001ed4   Section        0  stm32l0xx_hal_rcc.o(i.HAL_RCC_GetSysClockFreq)
    i.HAL_RCC_OscConfig                      0x08001f5c   Section        0  stm32l0xx_hal_rcc.o(i.HAL_RCC_OscConfig)
    i.HAL_SYSTICK_Config                     0x080023e8   Section        0  stm32l0xx_hal_cortex.o(i.HAL_SYSTICK_Config)
    i.HAL_UART_Init                          0x08002418   Section        0  stm32l0xx_hal_uart.o(i.HAL_UART_Init)
    i.HAL_UART_MspInit                       0x08002488   Section        0  stm32l0xx_hal_msp.o(i.HAL_UART_MspInit)
    i.HAL_UART_Transmit                      0x080024e0   Section        0  stm32l0xx_hal_uart.o(i.HAL_UART_Transmit)
    i.HardFault_Handler                      0x080025c4   Section        0  stm32l0xx_it.o(i.HardFault_Handler)
    i.I2C1_IRQHandler                        0x080025c8   Section        0  stm32l0xx_it.o(i.I2C1_IRQHandler)
    i.I2C_DMAAbort                           0x080025ec   Section        0  stm32l0xx_hal_i2c.o(i.I2C_DMAAbort)
    I2C_DMAAbort                             0x080025ed   Thumb Code    40  stm32l0xx_hal_i2c.o(i.I2C_DMAAbort)
    i.I2C_Disable_IRQ                        0x08002614   Section        0  stm32l0xx_hal_i2c.o(i.I2C_Disable_IRQ)
    I2C_Disable_IRQ                          0x08002615   Thumb Code    92  stm32l0xx_hal_i2c.o(i.I2C_Disable_IRQ)
    i.I2C_Flush_TXDR                         0x08002670   Section        0  stm32l0xx_hal_i2c.o(i.I2C_Flush_TXDR)
    I2C_Flush_TXDR                           0x08002671   Thumb Code    34  stm32l0xx_hal_i2c.o(i.I2C_Flush_TXDR)
    i.I2C_ITAddrCplt                         0x08002692   Section        0  stm32l0xx_hal_i2c.o(i.I2C_ITAddrCplt)
    I2C_ITAddrCplt                           0x08002693   Thumb Code   154  stm32l0xx_hal_i2c.o(i.I2C_ITAddrCplt)
    i.I2C_ITError                            0x0800272c   Section        0  stm32l0xx_hal_i2c.o(i.I2C_ITError)
    I2C_ITError                              0x0800272d   Thumb Code   200  stm32l0xx_hal_i2c.o(i.I2C_ITError)
    i.I2C_ITListenCplt                       0x08002800   Section        0  stm32l0xx_hal_i2c.o(i.I2C_ITListenCplt)
    I2C_ITListenCplt                         0x08002801   Thumb Code    92  stm32l0xx_hal_i2c.o(i.I2C_ITListenCplt)
    i.I2C_ITSlaveCplt                        0x08002860   Section        0  stm32l0xx_hal_i2c.o(i.I2C_ITSlaveCplt)
    I2C_ITSlaveCplt                          0x08002861   Thumb Code   246  stm32l0xx_hal_i2c.o(i.I2C_ITSlaveCplt)
    i.I2C_ITSlaveSeqCplt                     0x08002960   Section        0  stm32l0xx_hal_i2c.o(i.I2C_ITSlaveSeqCplt)
    I2C_ITSlaveSeqCplt                       0x08002961   Thumb Code    74  stm32l0xx_hal_i2c.o(i.I2C_ITSlaveSeqCplt)
    i.I2C_IsAcknowledgeFailed                0x080029ac   Section        0  stm32l0xx_hal_i2c.o(i.I2C_IsAcknowledgeFailed)
    I2C_IsAcknowledgeFailed                  0x080029ad   Thumb Code   124  stm32l0xx_hal_i2c.o(i.I2C_IsAcknowledgeFailed)
    i.I2C_RequestMemoryRead                  0x08002a2c   Section        0  stm32l0xx_hal_i2c.o(i.I2C_RequestMemoryRead)
    I2C_RequestMemoryRead                    0x08002a2d   Thumb Code   110  stm32l0xx_hal_i2c.o(i.I2C_RequestMemoryRead)
    i.I2C_RequestMemoryWrite                 0x08002aa0   Section        0  stm32l0xx_hal_i2c.o(i.I2C_RequestMemoryWrite)
    I2C_RequestMemoryWrite                   0x08002aa1   Thumb Code   110  stm32l0xx_hal_i2c.o(i.I2C_RequestMemoryWrite)
    i.I2C_Slave_ISR_IT                       0x08002b14   Section        0  stm32l0xx_hal_i2c.o(i.I2C_Slave_ISR_IT)
    I2C_Slave_ISR_IT                         0x08002b15   Thumb Code   306  stm32l0xx_hal_i2c.o(i.I2C_Slave_ISR_IT)
    i.I2C_TransferConfig                     0x08002c4c   Section        0  stm32l0xx_hal_i2c.o(i.I2C_TransferConfig)
    I2C_TransferConfig                       0x08002c4d   Thumb Code    34  stm32l0xx_hal_i2c.o(i.I2C_TransferConfig)
    i.I2C_WaitOnFlagUntilTimeout             0x08002c74   Section        0  stm32l0xx_hal_i2c.o(i.I2C_WaitOnFlagUntilTimeout)
    I2C_WaitOnFlagUntilTimeout               0x08002c75   Thumb Code    78  stm32l0xx_hal_i2c.o(i.I2C_WaitOnFlagUntilTimeout)
    i.I2C_WaitOnSTOPFlagUntilTimeout         0x08002cc2   Section        0  stm32l0xx_hal_i2c.o(i.I2C_WaitOnSTOPFlagUntilTimeout)
    I2C_WaitOnSTOPFlagUntilTimeout           0x08002cc3   Thumb Code    78  stm32l0xx_hal_i2c.o(i.I2C_WaitOnSTOPFlagUntilTimeout)
    i.I2C_WaitOnTXISFlagUntilTimeout         0x08002d10   Section        0  stm32l0xx_hal_i2c.o(i.I2C_WaitOnTXISFlagUntilTimeout)
    I2C_WaitOnTXISFlagUntilTimeout           0x08002d11   Thumb Code    82  stm32l0xx_hal_i2c.o(i.I2C_WaitOnTXISFlagUntilTimeout)
    i.I2Cx_ReadData                          0x08002d64   Section        0  bme280.o(i.I2Cx_ReadData)
    I2Cx_ReadData                            0x08002d65   Thumb Code    46  bme280.o(i.I2Cx_ReadData)
    i.I2Cx_ReadData16                        0x08002d98   Section        0  bme280.o(i.I2Cx_ReadData16)
    I2Cx_ReadData16                          0x08002d99   Thumb Code    38  bme280.o(i.I2Cx_ReadData16)
    i.I2Cx_ReadData24                        0x08002dc4   Section        0  bme280.o(i.I2Cx_ReadData24)
    I2Cx_ReadData24                          0x08002dc5   Thumb Code    38  bme280.o(i.I2Cx_ReadData24)
    i.I2Cx_WriteData                         0x08002df0   Section        0  bme280.o(i.I2Cx_WriteData)
    I2Cx_WriteData                           0x08002df1   Thumb Code    40  bme280.o(i.I2Cx_WriteData)
    i.MX_GPIO_Init                           0x08002e1c   Section        0  main.o(i.MX_GPIO_Init)
    MX_GPIO_Init                             0x08002e1d   Thumb Code    92  main.o(i.MX_GPIO_Init)
    i.MX_I2C1_Init                           0x08002e80   Section        0  main.o(i.MX_I2C1_Init)
    MX_I2C1_Init                             0x08002e81   Thumb Code    76  main.o(i.MX_I2C1_Init)
    i.MX_USART2_UART_Init                    0x08002ed8   Section        0  main.o(i.MX_USART2_UART_Init)
    MX_USART2_UART_Init                      0x08002ed9   Thumb Code    48  main.o(i.MX_USART2_UART_Init)
    i.NMI_Handler                            0x08002f10   Section        0  stm32l0xx_it.o(i.NMI_Handler)
    i.NVIC_SetPriority                       0x08002f14   Section        0  stm32l0xx_hal_cortex.o(i.NVIC_SetPriority)
    NVIC_SetPriority                         0x08002f15   Thumb Code    60  stm32l0xx_hal_cortex.o(i.NVIC_SetPriority)
    i.PendSV_Handler                         0x08002f58   Section        0  stm32l0xx_it.o(i.PendSV_Handler)
    i.SVC_Handler                            0x08002f5a   Section        0  stm32l0xx_it.o(i.SVC_Handler)
    i.SysTick_Handler                        0x08002f5c   Section        0  stm32l0xx_it.o(i.SysTick_Handler)
    i.SystemClock_Config                     0x08002f64   Section        0  main.o(i.SystemClock_Config)
    i.SystemInit                             0x08002ff4   Section        0  system_stm32l0xx.o(i.SystemInit)
    i.UART_AdvFeatureConfig                  0x08003048   Section        0  stm32l0xx_hal_uart.o(i.UART_AdvFeatureConfig)
    i.UART_CheckIdleState                    0x08003114   Section        0  stm32l0xx_hal_uart.o(i.UART_CheckIdleState)
    i.UART_SetConfig                         0x08003178   Section        0  stm32l0xx_hal_uart.o(i.UART_SetConfig)
    i.UART_WaitOnFlagUntilTimeout            0x08003424   Section        0  stm32l0xx_hal_uart.o(i.UART_WaitOnFlagUntilTimeout)
    i.__0sprintf                             0x08003488   Section        0  printfa.o(i.__0sprintf)
    i.__ARM_clz                              0x080034b0   Section        0  depilogue.o(i.__ARM_clz)
    i.__ARM_common_ll_muluu                  0x080034de   Section        0  bme280.o(i.__ARM_common_ll_muluu)
    i.__ARM_common_switch8                   0x0800350e   Section        0  stm32l0xx_hal_uart.o(i.__ARM_common_switch8)
    i.__ARM_fpclassify                       0x08003528   Section        0  fpclassify.o(i.__ARM_fpclassify)
    i.__kernel_poly                          0x08003554   Section        0  poly.o(i.__kernel_poly)
    i.__mathlib_dbl_divzero                  0x08003600   Section        0  dunder.o(i.__mathlib_dbl_divzero)
    i.__mathlib_dbl_infnan2                  0x08003614   Section        0  dunder.o(i.__mathlib_dbl_infnan2)
    i.__mathlib_dbl_invalid                  0x0800361c   Section        0  dunder.o(i.__mathlib_dbl_invalid)
    i.__mathlib_dbl_overflow                 0x0800362c   Section        0  dunder.o(i.__mathlib_dbl_overflow)
    i.__mathlib_dbl_underflow                0x08003640   Section        0  dunder.o(i.__mathlib_dbl_underflow)
    i.__scatterload_copy                     0x08003654   Section       14  handlers.o(i.__scatterload_copy)
    i.__scatterload_null                     0x08003662   Section        2  handlers.o(i.__scatterload_null)
    i.__scatterload_zeroinit                 0x08003664   Section       14  handlers.o(i.__scatterload_zeroinit)
    i.__set_errno                            0x08003674   Section        0  errno.o(i.__set_errno)
    i._fp_digits                             0x08003680   Section        0  printfa.o(i._fp_digits)
    _fp_digits                               0x08003681   Thumb Code   344  printfa.o(i._fp_digits)
    i._printf_core                           0x080037f4   Section        0  printfa.o(i._printf_core)
    _printf_core                             0x080037f5   Thumb Code  1754  printfa.o(i._printf_core)
    i._printf_post_padding                   0x08003ee0   Section        0  printfa.o(i._printf_post_padding)
    _printf_post_padding                     0x08003ee1   Thumb Code    32  printfa.o(i._printf_post_padding)
    i._printf_pre_padding                    0x08003f00   Section        0  printfa.o(i._printf_pre_padding)
    _printf_pre_padding                      0x08003f01   Thumb Code    44  printfa.o(i._printf_pre_padding)
    i._sputc                                 0x08003f2c   Section        0  printfa.o(i._sputc)
    _sputc                                   0x08003f2d   Thumb Code    10  printfa.o(i._sputc)
    i.main                                   0x08003f38   Section        0  main.o(i.main)
    i.pow                                    0x080040b0   Section        0  pow.o(i.pow)
    i.sqrt                                   0x08004aac   Section        0  sqrt.o(i.sqrt)
    .constdata                               0x08004af4   Section       25  system_stm32l0xx.o(.constdata)
    .constdata                               0x08004b0d   Section        8  system_stm32l0xx.o(.constdata)
    .constdata                               0x08004b18   Section      136  pow.o(.constdata)
    bp                                       0x08004b18   Data          16  pow.o(.constdata)
    dp_h                                     0x08004b28   Data          16  pow.o(.constdata)
    dp_l                                     0x08004b38   Data          16  pow.o(.constdata)
    L                                        0x08004b48   Data          48  pow.o(.constdata)
    P                                        0x08004b78   Data          40  pow.o(.constdata)
    .constdata                               0x08004ba0   Section        8  qnan.o(.constdata)
    .data                                    0x20000000   Section        4  bme280.o(.data)
    .data                                    0x20000004   Section        4  stm32l0xx_hal.o(.data)
    .data                                    0x20000008   Section        4  system_stm32l0xx.o(.data)
    .data                                    0x2000000c   Section        4  errno.o(.data)
    _errno                                   0x2000000c   Data           4  errno.o(.data)
    .bss                                     0x20000010   Section      304  main.o(.bss)
    .bss                                     0x20000140   Section       36  bme280.o(.bss)
    STACK                                    0x20000168   Section     1024  startup_stm32l031xx.o(STACK)

    Global Symbols

    Symbol Name                              Value     Ov Type        Size  Object(Section)

    BuildAttributes$$THM_ISAv3M$S$PE$A:L22$X:L11$S22$IEEE1$IW$USESV6$~STKCKD$USESV7$~SHL$OTIME$ROPI$IEEEX$EBA8$MICROLIB$REQ8$PRES8$EABIv2 0x00000000   Number         0  anon$$obj.o ABSOLUTE
    __ARM_use_no_argv                        0x00000000   Number         0  main.o ABSOLUTE
    _printf_a                                0x00000000   Number         0  stubs.o ABSOLUTE
    _printf_c                                0x00000000   Number         0  stubs.o ABSOLUTE
    _printf_charcount                        0x00000000   Number         0  stubs.o ABSOLUTE
    _printf_d                                0x00000000   Number         0  stubs.o ABSOLUTE
    _printf_e                                0x00000000   Number         0  stubs.o ABSOLUTE
    _printf_f                                0x00000000   Number         0  stubs.o ABSOLUTE
    _printf_flags                            0x00000000   Number         0  stubs.o ABSOLUTE
    _printf_fp_dec                           0x00000000   Number         0  stubs.o ABSOLUTE
    _printf_fp_hex                           0x00000000   Number         0  stubs.o ABSOLUTE
    _printf_g                                0x00000000   Number         0  stubs.o ABSOLUTE
    _printf_i                                0x00000000   Number         0  stubs.o ABSOLUTE
    _printf_int_dec                          0x00000000   Number         0  stubs.o ABSOLUTE
    _printf_l                                0x00000000   Number         0  stubs.o ABSOLUTE
    _printf_lc                               0x00000000   Number         0  stubs.o ABSOLUTE
    _printf_ll                               0x00000000   Number         0  stubs.o ABSOLUTE
    _printf_lld                              0x00000000   Number         0  stubs.o ABSOLUTE
    _printf_lli                              0x00000000   Number         0  stubs.o ABSOLUTE
    _printf_llo                              0x00000000   Number         0  stubs.o ABSOLUTE
    _printf_llu                              0x00000000   Number         0  stubs.o ABSOLUTE
    _printf_llx                              0x00000000   Number         0  stubs.o ABSOLUTE
    _printf_longlong_dec                     0x00000000   Number         0  stubs.o ABSOLUTE
    _printf_longlong_hex                     0x00000000   Number         0  stubs.o ABSOLUTE
    _printf_longlong_oct                     0x00000000   Number         0  stubs.o ABSOLUTE
    _printf_ls                               0x00000000   Number         0  stubs.o ABSOLUTE
    _printf_mbtowc                           0x00000000   Number         0  stubs.o ABSOLUTE
    _printf_n                                0x00000000   Number         0  stubs.o ABSOLUTE
    _printf_o                                0x00000000   Number         0  stubs.o ABSOLUTE
    _printf_p                                0x00000000   Number         0  stubs.o ABSOLUTE
    _printf_percent                          0x00000000   Number         0  stubs.o ABSOLUTE
    _printf_pre_padding                      0x00000000   Number         0  stubs.o ABSOLUTE
    _printf_return_value                     0x00000000   Number         0  stubs.o ABSOLUTE
    _printf_s                                0x00000000   Number         0  stubs.o ABSOLUTE
    _printf_sizespec                         0x00000000   Number         0  stubs.o ABSOLUTE
    _printf_str                              0x00000000   Number         0  stubs.o ABSOLUTE
    _printf_truncate_signed                  0x00000000   Number         0  stubs.o ABSOLUTE
    _printf_truncate_unsigned                0x00000000   Number         0  stubs.o ABSOLUTE
    _printf_u                                0x00000000   Number         0  stubs.o ABSOLUTE
    _printf_wc                               0x00000000   Number         0  stubs.o ABSOLUTE
    _printf_wctomb                           0x00000000   Number         0  stubs.o ABSOLUTE
    _printf_widthprec                        0x00000000   Number         0  stubs.o ABSOLUTE
    _printf_x                                0x00000000   Number         0  stubs.o ABSOLUTE
    __cpp_initialize__aeabi_                  - Undefined Weak Reference
    __cxa_finalize                            - Undefined Weak Reference
    __decompress                              - Undefined Weak Reference
    _clock_init                               - Undefined Weak Reference
    _microlib_exit                            - Undefined Weak Reference
    __Vectors_Size                           0x000000c0   Number         0  startup_stm32l031xx.o ABSOLUTE
    __Vectors                                0x08000000   Data           4  startup_stm32l031xx.o(RESET)
    __Vectors_End                            0x080000c0   Data           0  startup_stm32l031xx.o(RESET)
    __main                                   0x080000c1   Thumb Code     0  entry.o(.ARM.Collect$$$$00000000)
    _main_stk                                0x080000c1   Thumb Code     0  entry2.o(.ARM.Collect$$$$00000001)
    _main_scatterload                        0x080000c5   Thumb Code     0  entry5.o(.ARM.Collect$$$$00000004)
    __main_after_scatterload                 0x080000c9   Thumb Code     0  entry5.o(.ARM.Collect$$$$00000004)
    _main_clock                              0x080000c9   Thumb Code     0  entry7b.o(.ARM.Collect$$$$00000008)
    _main_cpp_init                           0x080000c9   Thumb Code     0  entry8b.o(.ARM.Collect$$$$0000000A)
    _main_init                               0x080000c9   Thumb Code     0  entry9a.o(.ARM.Collect$$$$0000000B)
    __rt_final_cpp                           0x080000d1   Thumb Code     0  entry10a.o(.ARM.Collect$$$$0000000D)
    __rt_final_exit                          0x080000d1   Thumb Code     0  entry11a.o(.ARM.Collect$$$$0000000F)
    Reset_Handler                            0x080000d5   Thumb Code     8  startup_stm32l031xx.o(.text)
    ADC1_COMP_IRQHandler                     0x080000e7   Thumb Code     0  startup_stm32l031xx.o(.text)
    DMA1_Channel1_IRQHandler                 0x080000e7   Thumb Code     0  startup_stm32l031xx.o(.text)
    DMA1_Channel2_3_IRQHandler               0x080000e7   Thumb Code     0  startup_stm32l031xx.o(.text)
    DMA1_Channel4_5_6_7_IRQHandler           0x080000e7   Thumb Code     0  startup_stm32l031xx.o(.text)
    EXTI0_1_IRQHandler                       0x080000e7   Thumb Code     0  startup_stm32l031xx.o(.text)
    EXTI2_3_IRQHandler                       0x080000e7   Thumb Code     0  startup_stm32l031xx.o(.text)
    EXTI4_15_IRQHandler                      0x080000e7   Thumb Code     0  startup_stm32l031xx.o(.text)
    FLASH_IRQHandler                         0x080000e7   Thumb Code     0  startup_stm32l031xx.o(.text)
    LPTIM1_IRQHandler                        0x080000e7   Thumb Code     0  startup_stm32l031xx.o(.text)
    LPUART1_IRQHandler                       0x080000e7   Thumb Code     0  startup_stm32l031xx.o(.text)
    PVD_IRQHandler                           0x080000e7   Thumb Code     0  startup_stm32l031xx.o(.text)
    RCC_IRQHandler                           0x080000e7   Thumb Code     0  startup_stm32l031xx.o(.text)
    RTC_IRQHandler                           0x080000e7   Thumb Code     0  startup_stm32l031xx.o(.text)
    SPI1_IRQHandler                          0x080000e7   Thumb Code     0  startup_stm32l031xx.o(.text)
    TIM21_IRQHandler                         0x080000e7   Thumb Code     0  startup_stm32l031xx.o(.text)
    TIM22_IRQHandler                         0x080000e7   Thumb Code     0  startup_stm32l031xx.o(.text)
    TIM2_IRQHandler                          0x080000e7   Thumb Code     0  startup_stm32l031xx.o(.text)
    USART2_IRQHandler                        0x080000e7   Thumb Code     0  startup_stm32l031xx.o(.text)
    WWDG_IRQHandler                          0x080000e7   Thumb Code     0  startup_stm32l031xx.o(.text)
    __aeabi_uidiv                            0x080000f1   Thumb Code     0  uidiv.o(.text)
    __aeabi_uidivmod                         0x080000f1   Thumb Code    44  uidiv.o(.text)
    __aeabi_uldivmod                         0x0800011d   Thumb Code    96  uldiv.o(.text)
    __aeabi_ldivmod                          0x0800017d   Thumb Code    76  ldiv.o(.text)
    __aeabi_lmul                             0x080001c9   Thumb Code   122  llmul.o(.text)
    _ll_mul                                  0x080001c9   Thumb Code     0  llmul.o(.text)
    __aeabi_memset                           0x08000243   Thumb Code    14  memseta.o(.text)
    __aeabi_memset4                          0x08000243   Thumb Code     0  memseta.o(.text)
    __aeabi_memset8                          0x08000243   Thumb Code     0  memseta.o(.text)
    __aeabi_memclr                           0x08000251   Thumb Code     4  memseta.o(.text)
    __aeabi_memclr4                          0x08000251   Thumb Code     0  memseta.o(.text)
    __aeabi_memclr8                          0x08000251   Thumb Code     0  memseta.o(.text)
    _memset$wrapper                          0x08000255   Thumb Code    18  memseta.o(.text)
    strlen                                   0x08000267   Thumb Code    14  strlen.o(.text)
    __aeabi_fmul                             0x08000275   Thumb Code   122  fmul.o(.text)
    __aeabi_fdiv                             0x080002ef   Thumb Code   124  fdiv.o(.text)
    __ARM_scalbnf                            0x0800036b   Thumb Code    24  fscalb.o(.text)
    scalbnf                                  0x0800036b   Thumb Code     0  fscalb.o(.text)
    __aeabi_dadd                             0x08000385   Thumb Code   328  dadd.o(.text)
    __aeabi_dsub                             0x080004cd   Thumb Code    12  dadd.o(.text)
    __aeabi_drsub                            0x080004d9   Thumb Code    12  dadd.o(.text)
    __aeabi_dmul                             0x080004e9   Thumb Code   202  dmul.o(.text)
    __aeabi_i2f                              0x080005b9   Thumb Code    22  fflti.o(.text)
    __aeabi_ui2f                             0x080005cf   Thumb Code    14  ffltui.o(.text)
    __aeabi_f2d                              0x080005dd   Thumb Code    40  f2d.o(.text)
    __aeabi_d2f                              0x08000605   Thumb Code    56  d2f.o(.text)
    __aeabi_llsl                             0x0800063d   Thumb Code    32  llshl.o(.text)
    _ll_shift_l                              0x0800063d   Thumb Code     0  llshl.o(.text)
    __aeabi_llsr                             0x0800065d   Thumb Code    34  llushr.o(.text)
    _ll_ushift_r                             0x0800065d   Thumb Code     0  llushr.o(.text)
    __aeabi_lasr                             0x0800067f   Thumb Code    38  llsshr.o(.text)
    _ll_sshift_r                             0x0800067f   Thumb Code     0  llsshr.o(.text)
    __I$use$fp                               0x080006a5   Thumb Code     0  iusefp.o(.text)
    _float_round                             0x080006a5   Thumb Code    16  fepilogue.o(.text)
    _float_epilogue                          0x080006b5   Thumb Code   114  fepilogue.o(.text)
    _double_round                            0x08000727   Thumb Code    26  depilogue.o(.text)
    _double_epilogue                         0x08000741   Thumb Code   164  depilogue.o(.text)
    __aeabi_ddiv                             0x080007e5   Thumb Code   234  ddiv.o(.text)
    __ARM_scalbn                             0x080008d5   Thumb Code    44  dscalb.o(.text)
    scalbn                                   0x080008d5   Thumb Code     0  dscalb.o(.text)
    __aeabi_i2d                              0x08000901   Thumb Code    34  dflti.o(.text)
    __aeabi_d2ulz                            0x08000929   Thumb Code    54  dfixul.o(.text)
    __aeabi_cdrcmple                         0x08000969   Thumb Code    38  cdrcmple.o(.text)
    __scatterload                            0x08000991   Thumb Code    28  init.o(.text)
    __scatterload_rt2                        0x08000991   Thumb Code     0  init.o(.text)
    _dsqrt                                   0x080009b5   Thumb Code   162  dsqrt.o(.text)
    BME280_Init                              0x08000a59   Thumb Code   230  bme280.o(i.BME280_Init)
    BME280_ReadAltitude                      0x08000bb5   Thumb Code    48  bme280.o(i.BME280_ReadAltitude)
    BME280_ReadCoefficients                  0x08000bf5   Thumb Code   728  bme280.o(i.BME280_ReadCoefficients)
    BME280_ReadHumidity                      0x08000ff9   Thumb Code   150  bme280.o(i.BME280_ReadHumidity)
    BME280_ReadPressure                      0x08001099   Thumb Code   424  bme280.o(i.BME280_ReadPressure)
    BME280_ReadReg                           0x0800125d   Thumb Code    12  bme280.o(i.BME280_ReadReg)
    BME280_ReadReg_BE_S16                    0x08001269   Thumb Code    26  bme280.o(i.BME280_ReadReg_BE_S16)
    BME280_ReadReg_BE_U24                    0x08001283   Thumb Code    38  bme280.o(i.BME280_ReadReg_BE_U24)
    BME280_ReadReg_S16                       0x080012a9   Thumb Code    14  bme280.o(i.BME280_ReadReg_S16)
    BME280_ReadReg_U16                       0x080012b7   Thumb Code    14  bme280.o(i.BME280_ReadReg_U16)
    BME280_ReadStatus                        0x080012c5   Thumb Code    14  bme280.o(i.BME280_ReadStatus)
    BME280_ReadTemperature                   0x080012d5   Thumb Code    76  bme280.o(i.BME280_ReadTemperature)
    BME280_SetFilter                         0x0800132d   Thumb Code    28  bme280.o(i.BME280_SetFilter)
    BME280_SetMode                           0x08001349   Thumb Code    28  bme280.o(i.BME280_SetMode)
    BME280_SetOversamplingHum                0x08001365   Thumb Code    42  bme280.o(i.BME280_SetOversamplingHum)
    BME280_SetOversamplingPressure           0x0800138f   Thumb Code    28  bme280.o(i.BME280_SetOversamplingPressure)
    BME280_SetOversamplingTemper             0x080013ab   Thumb Code    28  bme280.o(i.BME280_SetOversamplingTemper)
    BME280_SetStandby                        0x080013c7   Thumb Code    28  bme280.o(i.BME280_SetStandby)
    BME280_WriteReg                          0x080013e3   Thumb Code    14  bme280.o(i.BME280_WriteReg)
    Error                                    0x080013f1   Thumb Code    14  bme280.o(i.Error)
    Error_Handler                            0x08001405   Thumb Code     2  main.o(i.Error_Handler)
    HAL_DMA_Abort_IT                         0x08001407   Thumb Code    76  stm32l0xx_hal_dma.o(i.HAL_DMA_Abort_IT)
    HAL_Delay                                0x08001453   Thumb Code    28  stm32l0xx_hal.o(i.HAL_Delay)
    HAL_GPIO_Init                            0x08001471   Thumb Code   304  stm32l0xx_hal_gpio.o(i.HAL_GPIO_Init)
    HAL_GPIO_WritePin                        0x080015b9   Thumb Code    12  stm32l0xx_hal_gpio.o(i.HAL_GPIO_WritePin)
    HAL_GetTick                              0x080015c5   Thumb Code     6  stm32l0xx_hal.o(i.HAL_GetTick)
    HAL_I2CEx_ConfigAnalogFilter             0x080015d1   Thumb Code    78  stm32l0xx_hal_i2c_ex.o(i.HAL_I2CEx_ConfigAnalogFilter)
    HAL_I2CEx_ConfigDigitalFilter            0x0800161f   Thumb Code    76  stm32l0xx_hal_i2c_ex.o(i.HAL_I2CEx_ConfigDigitalFilter)
    HAL_I2C_AbortCpltCallback                0x0800166b   Thumb Code     2  stm32l0xx_hal_i2c.o(i.HAL_I2C_AbortCpltCallback)
    HAL_I2C_AddrCallback                     0x0800166d   Thumb Code     2  stm32l0xx_hal_i2c.o(i.HAL_I2C_AddrCallback)
    HAL_I2C_ER_IRQHandler                    0x0800166f   Thumb Code    94  stm32l0xx_hal_i2c.o(i.HAL_I2C_ER_IRQHandler)
    HAL_I2C_EV_IRQHandler                    0x080016cd   Thumb Code    16  stm32l0xx_hal_i2c.o(i.HAL_I2C_EV_IRQHandler)
    HAL_I2C_ErrorCallback                    0x080016dd   Thumb Code     2  stm32l0xx_hal_i2c.o(i.HAL_I2C_ErrorCallback)
    HAL_I2C_Init                             0x080016e1   Thumb Code   184  stm32l0xx_hal_i2c.o(i.HAL_I2C_Init)
    HAL_I2C_ListenCpltCallback               0x0800179d   Thumb Code     2  stm32l0xx_hal_i2c.o(i.HAL_I2C_ListenCpltCallback)
    HAL_I2C_Mem_Read                         0x080017a1   Thumb Code   364  stm32l0xx_hal_i2c.o(i.HAL_I2C_Mem_Read)
    HAL_I2C_Mem_Write                        0x08001915   Thumb Code   358  stm32l0xx_hal_i2c.o(i.HAL_I2C_Mem_Write)
    HAL_I2C_MspInit                          0x08001a81   Thumb Code    96  stm32l0xx_hal_msp.o(i.HAL_I2C_MspInit)
    HAL_I2C_SlaveRxCpltCallback              0x08001ae9   Thumb Code     2  stm32l0xx_hal_i2c.o(i.HAL_I2C_SlaveRxCpltCallback)
    HAL_I2C_SlaveTxCpltCallback              0x08001aeb   Thumb Code     2  stm32l0xx_hal_i2c.o(i.HAL_I2C_SlaveTxCpltCallback)
    HAL_IncTick                              0x08001aed   Thumb Code    10  stm32l0xx_hal.o(i.HAL_IncTick)
    HAL_Init                                 0x08001afd   Thumb Code    36  stm32l0xx_hal.o(i.HAL_Init)
    HAL_InitTick                             0x08001b25   Thumb Code    44  stm32l0xx_hal.o(i.HAL_InitTick)
    HAL_MspInit                              0x08001b55   Thumb Code    20  stm32l0xx_hal_msp.o(i.HAL_MspInit)
    HAL_NVIC_EnableIRQ                       0x08001b6d   Thumb Code    14  stm32l0xx_hal_cortex.o(i.HAL_NVIC_EnableIRQ)
    HAL_NVIC_SetPriority                     0x08001b81   Thumb Code     8  stm32l0xx_hal_cortex.o(i.HAL_NVIC_SetPriority)
    HAL_RCCEx_PeriphCLKConfig                0x08001b89   Thumb Code   350  stm32l0xx_hal_rcc_ex.o(i.HAL_RCCEx_PeriphCLKConfig)
    HAL_RCC_ClockConfig                      0x08001cf5   Thumb Code   382  stm32l0xx_hal_rcc.o(i.HAL_RCC_ClockConfig)
    HAL_RCC_GetHCLKFreq                      0x08001e89   Thumb Code     6  stm32l0xx_hal_rcc.o(i.HAL_RCC_GetHCLKFreq)
    HAL_RCC_GetPCLK1Freq                     0x08001e95   Thumb Code    22  stm32l0xx_hal_rcc.o(i.HAL_RCC_GetPCLK1Freq)
    HAL_RCC_GetPCLK2Freq                     0x08001eb5   Thumb Code    22  stm32l0xx_hal_rcc.o(i.HAL_RCC_GetPCLK2Freq)
    HAL_RCC_GetSysClockFreq                  0x08001ed5   Thumb Code   114  stm32l0xx_hal_rcc.o(i.HAL_RCC_GetSysClockFreq)
    HAL_RCC_OscConfig                        0x08001f5d   Thumb Code  1164  stm32l0xx_hal_rcc.o(i.HAL_RCC_OscConfig)
    HAL_SYSTICK_Config                       0x080023e9   Thumb Code    38  stm32l0xx_hal_cortex.o(i.HAL_SYSTICK_Config)
    HAL_UART_Init                            0x08002419   Thumb Code   112  stm32l0xx_hal_uart.o(i.HAL_UART_Init)
    HAL_UART_MspInit                         0x08002489   Thumb Code    76  stm32l0xx_hal_msp.o(i.HAL_UART_MspInit)
    HAL_UART_Transmit                        0x080024e1   Thumb Code   228  stm32l0xx_hal_uart.o(i.HAL_UART_Transmit)
    HardFault_Handler                        0x080025c5   Thumb Code     2  stm32l0xx_it.o(i.HardFault_Handler)
    I2C1_IRQHandler                          0x080025c9   Thumb Code    30  stm32l0xx_it.o(i.I2C1_IRQHandler)
    NMI_Handler                              0x08002f11   Thumb Code     2  stm32l0xx_it.o(i.NMI_Handler)
    PendSV_Handler                           0x08002f59   Thumb Code     2  stm32l0xx_it.o(i.PendSV_Handler)
    SVC_Handler                              0x08002f5b   Thumb Code     2  stm32l0xx_it.o(i.SVC_Handler)
    SysTick_Handler                          0x08002f5d   Thumb Code     8  stm32l0xx_it.o(i.SysTick_Handler)
    SystemClock_Config                       0x08002f65   Thumb Code   140  main.o(i.SystemClock_Config)
    SystemInit                               0x08002ff5   Thumb Code    66  system_stm32l0xx.o(i.SystemInit)
    UART_AdvFeatureConfig                    0x08003049   Thumb Code   202  stm32l0xx_hal_uart.o(i.UART_AdvFeatureConfig)
    UART_CheckIdleState                      0x08003115   Thumb Code    94  stm32l0xx_hal_uart.o(i.UART_CheckIdleState)
    UART_SetConfig                           0x08003179   Thumb Code   642  stm32l0xx_hal_uart.o(i.UART_SetConfig)
    UART_WaitOnFlagUntilTimeout              0x08003425   Thumb Code    98  stm32l0xx_hal_uart.o(i.UART_WaitOnFlagUntilTimeout)
    __0sprintf                               0x08003489   Thumb Code    36  printfa.o(i.__0sprintf)
    __1sprintf                               0x08003489   Thumb Code     0  printfa.o(i.__0sprintf)
    __2sprintf                               0x08003489   Thumb Code     0  printfa.o(i.__0sprintf)
    __c89sprintf                             0x08003489   Thumb Code     0  printfa.o(i.__0sprintf)
    sprintf                                  0x08003489   Thumb Code     0  printfa.o(i.__0sprintf)
    __ARM_clz                                0x080034b1   Thumb Code    46  depilogue.o(i.__ARM_clz)
    __ARM_common_ll_muluu                    0x080034df   Thumb Code    48  bme280.o(i.__ARM_common_ll_muluu)
    __ARM_common_switch8                     0x0800350f   Thumb Code    26  stm32l0xx_hal_uart.o(i.__ARM_common_switch8)
    __ARM_fpclassify                         0x08003529   Thumb Code    40  fpclassify.o(i.__ARM_fpclassify)
    __kernel_poly                            0x08003555   Thumb Code   172  poly.o(i.__kernel_poly)
    __mathlib_dbl_divzero                    0x08003601   Thumb Code    16  dunder.o(i.__mathlib_dbl_divzero)
    __mathlib_dbl_infnan2                    0x08003615   Thumb Code     8  dunder.o(i.__mathlib_dbl_infnan2)
    __mathlib_dbl_invalid                    0x0800361d   Thumb Code    16  dunder.o(i.__mathlib_dbl_invalid)
    __mathlib_dbl_overflow                   0x0800362d   Thumb Code    16  dunder.o(i.__mathlib_dbl_overflow)
    __mathlib_dbl_underflow                  0x08003641   Thumb Code    14  dunder.o(i.__mathlib_dbl_underflow)
    __scatterload_copy                       0x08003655   Thumb Code    14  handlers.o(i.__scatterload_copy)
    __scatterload_null                       0x08003663   Thumb Code     2  handlers.o(i.__scatterload_null)
    __scatterload_zeroinit                   0x08003665   Thumb Code    14  handlers.o(i.__scatterload_zeroinit)
    __set_errno                              0x08003675   Thumb Code     6  errno.o(i.__set_errno)
    main                                     0x08003f39   Thumb Code   250  main.o(i.main)
    pow                                      0x080040b1   Thumb Code  2548  pow.o(i.pow)
    sqrt                                     0x08004aad   Thumb Code    66  sqrt.o(i.sqrt)
    AHBPrescTable                            0x08004af4   Data          16  system_stm32l0xx.o(.constdata)
    PLLMulTable                              0x08004b04   Data           9  system_stm32l0xx.o(.constdata)
    APBPrescTable                            0x08004b0d   Data           8  system_stm32l0xx.o(.constdata)
    __mathlib_zero                           0x08004ba0   Data           8  qnan.o(.constdata)
    Region$$Table$$Base                      0x08004ba8   Number         0  anon$$obj.o(Region$$Table)
    Region$$Table$$Limit                     0x08004bc8   Number         0  anon$$obj.o(Region$$Table)
    temper_int                               0x20000000   Data           4  bme280.o(.data)
    uwTick                                   0x20000004   Data           4  stm32l0xx_hal.o(.data)
    SystemCoreClock                          0x20000008   Data           4  system_stm32l0xx.o(.data)
    hi2c1                                    0x20000010   Data          76  main.o(.bss)
    huart2                                   0x2000005c   Data         128  main.o(.bss)
    str1                                     0x200000dc   Data         100  main.o(.bss)
    CalibData                                0x20000140   Data          36  bme280.o(.bss)
    __initial_sp                             0x20000568   Data           0  startup_stm32l031xx.o(STACK)



==============================================================================

Memory Map of the image

  Image Entry point : 0x080000c1

  Load Region LR_IROM1 (Base: 0x08000000, Size: 0x00004bd8, Max: 0x00008000, ABSOLUTE)

    Execution Region ER_IROM1 (Exec base: 0x08000000, Load base: 0x08000000, Size: 0x00004bc8, Max: 0x00008000, ABSOLUTE)

    Exec Addr    Load Addr    Size         Type   Attr      Idx    E Section Name        Object

    0x08000000   0x08000000   0x000000c0   Data   RO            3    RESET               startup_stm32l031xx.o
    0x080000c0   0x080000c0   0x00000000   Code   RO         2492  * .ARM.Collect$$$$00000000  mc_p.l(entry.o)
    0x080000c0   0x080000c0   0x00000004   Code   RO         2813    .ARM.Collect$$$$00000001  mc_p.l(entry2.o)
    0x080000c4   0x080000c4   0x00000004   Code   RO         2816    .ARM.Collect$$$$00000004  mc_p.l(entry5.o)
    0x080000c8   0x080000c8   0x00000000   Code   RO         2818    .ARM.Collect$$$$00000008  mc_p.l(entry7b.o)
    0x080000c8   0x080000c8   0x00000000   Code   RO         2820    .ARM.Collect$$$$0000000A  mc_p.l(entry8b.o)
    0x080000c8   0x080000c8   0x00000008   Code   RO         2821    .ARM.Collect$$$$0000000B  mc_p.l(entry9a.o)
    0x080000d0   0x080000d0   0x00000000   Code   RO         2823    .ARM.Collect$$$$0000000D  mc_p.l(entry10a.o)
    0x080000d0   0x080000d0   0x00000000   Code   RO         2825    .ARM.Collect$$$$0000000F  mc_p.l(entry11a.o)
    0x080000d0   0x080000d0   0x00000004   Code   RO         2814    .ARM.Collect$$$$00002712  mc_p.l(entry2.o)
    0x080000d4   0x080000d4   0x0000001c   Code   RO            4    .text               startup_stm32l031xx.o
    0x080000f0   0x080000f0   0x0000002c   Code   RO         2495    .text               mc_p.l(uidiv.o)
    0x0800011c   0x0800011c   0x00000060   Code   RO         2497    .text               mc_p.l(uldiv.o)
    0x0800017c   0x0800017c   0x0000004c   Code   RO         2499    .text               mc_p.l(ldiv.o)
    0x080001c8   0x080001c8   0x0000007a   Code   RO         2501    .text               mc_p.l(llmul.o)
    0x08000242   0x08000242   0x00000024   Code   RO         2503    .text               mc_p.l(memseta.o)
    0x08000266   0x08000266   0x0000000e   Code   RO         2505    .text               mc_p.l(strlen.o)
    0x08000274   0x08000274   0x0000007a   Code   RO         2768    .text               mf_p.l(fmul.o)
    0x080002ee   0x080002ee   0x0000007c   Code   RO         2770    .text               mf_p.l(fdiv.o)
    0x0800036a   0x0800036a   0x00000018   Code   RO         2772    .text               mf_p.l(fscalb.o)
    0x08000382   0x08000382   0x00000002   PAD
    0x08000384   0x08000384   0x00000164   Code   RO         2774    .text               mf_p.l(dadd.o)
    0x080004e8   0x080004e8   0x000000d0   Code   RO         2776    .text               mf_p.l(dmul.o)
    0x080005b8   0x080005b8   0x00000016   Code   RO         2778    .text               mf_p.l(fflti.o)
    0x080005ce   0x080005ce   0x0000000e   Code   RO         2780    .text               mf_p.l(ffltui.o)
    0x080005dc   0x080005dc   0x00000028   Code   RO         2782    .text               mf_p.l(f2d.o)
    0x08000604   0x08000604   0x00000038   Code   RO         2784    .text               mf_p.l(d2f.o)
    0x0800063c   0x0800063c   0x00000020   Code   RO         2830    .text               mc_p.l(llshl.o)
    0x0800065c   0x0800065c   0x00000022   Code   RO         2832    .text               mc_p.l(llushr.o)
    0x0800067e   0x0800067e   0x00000026   Code   RO         2834    .text               mc_p.l(llsshr.o)
    0x080006a4   0x080006a4   0x00000000   Code   RO         2843    .text               mc_p.l(iusefp.o)
    0x080006a4   0x080006a4   0x00000082   Code   RO         2844    .text               mf_p.l(fepilogue.o)
    0x08000726   0x08000726   0x000000be   Code   RO         2846    .text               mf_p.l(depilogue.o)
    0x080007e4   0x080007e4   0x000000f0   Code   RO         2850    .text               mf_p.l(ddiv.o)
    0x080008d4   0x080008d4   0x0000002c   Code   RO         2852    .text               mf_p.l(dscalb.o)
    0x08000900   0x08000900   0x00000028   Code   RO         2854    .text               mf_p.l(dflti.o)
    0x08000928   0x08000928   0x00000040   Code   RO         2856    .text               mf_p.l(dfixul.o)
    0x08000968   0x08000968   0x00000028   Code   RO         2858    .text               mf_p.l(cdrcmple.o)
    0x08000990   0x08000990   0x00000024   Code   RO         2860    .text               mc_p.l(init.o)
    0x080009b4   0x080009b4   0x000000a2   Code   RO         2864    .text               mf_p.l(dsqrt.o)
    0x08000a56   0x08000a56   0x00000002   PAD
    0x08000a58   0x08000a58   0x0000015c   Code   RO          264    i.BME280_Init       bme280.o
    0x08000bb4   0x08000bb4   0x00000040   Code   RO          265    i.BME280_ReadAltitude  bme280.o
    0x08000bf4   0x08000bf4   0x00000404   Code   RO          266    i.BME280_ReadCoefficients  bme280.o
    0x08000ff8   0x08000ff8   0x000000a0   Code   RO          267    i.BME280_ReadHumidity  bme280.o
    0x08001098   0x08001098   0x000001c4   Code   RO          268    i.BME280_ReadPressure  bme280.o
    0x0800125c   0x0800125c   0x0000000c   Code   RO          269    i.BME280_ReadReg    bme280.o
    0x08001268   0x08001268   0x0000001a   Code   RO          270    i.BME280_ReadReg_BE_S16  bme280.o
    0x08001282   0x08001282   0x00000026   Code   RO          271    i.BME280_ReadReg_BE_U24  bme280.o
    0x080012a8   0x080012a8   0x0000000e   Code   RO          272    i.BME280_ReadReg_S16  bme280.o
    0x080012b6   0x080012b6   0x0000000e   Code   RO          273    i.BME280_ReadReg_U16  bme280.o
    0x080012c4   0x080012c4   0x0000000e   Code   RO          275    i.BME280_ReadStatus  bme280.o
    0x080012d2   0x080012d2   0x00000002   PAD
    0x080012d4   0x080012d4   0x00000058   Code   RO          276    i.BME280_ReadTemperature  bme280.o
    0x0800132c   0x0800132c   0x0000001c   Code   RO          277    i.BME280_SetFilter  bme280.o
    0x08001348   0x08001348   0x0000001c   Code   RO          278    i.BME280_SetMode    bme280.o
    0x08001364   0x08001364   0x0000002a   Code   RO          279    i.BME280_SetOversamplingHum  bme280.o
    0x0800138e   0x0800138e   0x0000001c   Code   RO          280    i.BME280_SetOversamplingPressure  bme280.o
    0x080013aa   0x080013aa   0x0000001c   Code   RO          281    i.BME280_SetOversamplingTemper  bme280.o
    0x080013c6   0x080013c6   0x0000001c   Code   RO          282    i.BME280_SetStandby  bme280.o
    0x080013e2   0x080013e2   0x0000000e   Code   RO          283    i.BME280_WriteReg   bme280.o
    0x080013f0   0x080013f0   0x00000014   Code   RO          284    i.Error             bme280.o
    0x08001404   0x08001404   0x00000002   Code   RO           12    i.Error_Handler     main.o
    0x08001406   0x08001406   0x0000004c   Code   RO         2095    i.HAL_DMA_Abort_IT  stm32l0xx_hal_dma.o
    0x08001452   0x08001452   0x0000001c   Code   RO         1397    i.HAL_Delay         stm32l0xx_hal.o
    0x0800146e   0x0800146e   0x00000002   PAD
    0x08001470   0x08001470   0x00000148   Code   RO         2034    i.HAL_GPIO_Init     stm32l0xx_hal_gpio.o
    0x080015b8   0x080015b8   0x0000000c   Code   RO         2038    i.HAL_GPIO_WritePin  stm32l0xx_hal_gpio.o
    0x080015c4   0x080015c4   0x0000000c   Code   RO         1401    i.HAL_GetTick       stm32l0xx_hal.o
    0x080015d0   0x080015d0   0x0000004e   Code   RO          884    i.HAL_I2CEx_ConfigAnalogFilter  stm32l0xx_hal_i2c_ex.o
    0x0800161e   0x0800161e   0x0000004c   Code   RO          885    i.HAL_I2CEx_ConfigDigitalFilter  stm32l0xx_hal_i2c_ex.o
    0x0800166a   0x0800166a   0x00000002   Code   RO          431    i.HAL_I2C_AbortCpltCallback  stm32l0xx_hal_i2c.o
    0x0800166c   0x0800166c   0x00000002   Code   RO          432    i.HAL_I2C_AddrCallback  stm32l0xx_hal_i2c.o
    0x0800166e   0x0800166e   0x0000005e   Code   RO          435    i.HAL_I2C_ER_IRQHandler  stm32l0xx_hal_i2c.o
    0x080016cc   0x080016cc   0x00000010   Code   RO          436    i.HAL_I2C_EV_IRQHandler  stm32l0xx_hal_i2c.o
    0x080016dc   0x080016dc   0x00000002   Code   RO          438    i.HAL_I2C_ErrorCallback  stm32l0xx_hal_i2c.o
    0x080016de   0x080016de   0x00000002   PAD
    0x080016e0   0x080016e0   0x000000bc   Code   RO          442    i.HAL_I2C_Init      stm32l0xx_hal_i2c.o
    0x0800179c   0x0800179c   0x00000002   Code   RO          444    i.HAL_I2C_ListenCpltCallback  stm32l0xx_hal_i2c.o
    0x0800179e   0x0800179e   0x00000002   PAD
    0x080017a0   0x080017a0   0x00000174   Code   RO          460    i.HAL_I2C_Mem_Read  stm32l0xx_hal_i2c.o
    0x08001914   0x08001914   0x0000016c   Code   RO          463    i.HAL_I2C_Mem_Write  stm32l0xx_hal_i2c.o
    0x08001a80   0x08001a80   0x00000068   Code   RO          221    i.HAL_I2C_MspInit   stm32l0xx_hal_msp.o
    0x08001ae8   0x08001ae8   0x00000002   Code   RO          468    i.HAL_I2C_SlaveRxCpltCallback  stm32l0xx_hal_i2c.o
    0x08001aea   0x08001aea   0x00000002   Code   RO          469    i.HAL_I2C_SlaveTxCpltCallback  stm32l0xx_hal_i2c.o
    0x08001aec   0x08001aec   0x00000010   Code   RO         1405    i.HAL_IncTick       stm32l0xx_hal.o
    0x08001afc   0x08001afc   0x00000028   Code   RO         1406    i.HAL_Init          stm32l0xx_hal.o
    0x08001b24   0x08001b24   0x00000030   Code   RO         1407    i.HAL_InitTick      stm32l0xx_hal.o
    0x08001b54   0x08001b54   0x00000018   Code   RO          222    i.HAL_MspInit       stm32l0xx_hal_msp.o
    0x08001b6c   0x08001b6c   0x00000014   Code   RO         2358    i.HAL_NVIC_EnableIRQ  stm32l0xx_hal_cortex.o
    0x08001b80   0x08001b80   0x00000008   Code   RO         2362    i.HAL_NVIC_SetPriority  stm32l0xx_hal_cortex.o
    0x08001b88   0x08001b88   0x0000016c   Code   RO         1675    i.HAL_RCCEx_PeriphCLKConfig  stm32l0xx_hal_rcc_ex.o
    0x08001cf4   0x08001cf4   0x00000194   Code   RO         1577    i.HAL_RCC_ClockConfig  stm32l0xx_hal_rcc.o
    0x08001e88   0x08001e88   0x0000000c   Code   RO         1581    i.HAL_RCC_GetHCLKFreq  stm32l0xx_hal_rcc.o
    0x08001e94   0x08001e94   0x00000020   Code   RO         1583    i.HAL_RCC_GetPCLK1Freq  stm32l0xx_hal_rcc.o
    0x08001eb4   0x08001eb4   0x00000020   Code   RO         1584    i.HAL_RCC_GetPCLK2Freq  stm32l0xx_hal_rcc.o
    0x08001ed4   0x08001ed4   0x00000088   Code   RO         1585    i.HAL_RCC_GetSysClockFreq  stm32l0xx_hal_rcc.o
    0x08001f5c   0x08001f5c   0x0000048c   Code   RO         1588    i.HAL_RCC_OscConfig  stm32l0xx_hal_rcc.o
    0x080023e8   0x080023e8   0x00000030   Code   RO         2366    i.HAL_SYSTICK_Config  stm32l0xx_hal_cortex.o
    0x08002418   0x08002418   0x00000070   Code   RO          988    i.HAL_UART_Init     stm32l0xx_hal_uart.o
    0x08002488   0x08002488   0x00000058   Code   RO          224    i.HAL_UART_MspInit  stm32l0xx_hal_msp.o
    0x080024e0   0x080024e0   0x000000e4   Code   RO          996    i.HAL_UART_Transmit  stm32l0xx_hal_uart.o
    0x080025c4   0x080025c4   0x00000002   Code   RO          166    i.HardFault_Handler  stm32l0xx_it.o
    0x080025c6   0x080025c6   0x00000002   PAD
    0x080025c8   0x080025c8   0x00000024   Code   RO          167    i.I2C1_IRQHandler   stm32l0xx_it.o
    0x080025ec   0x080025ec   0x00000028   Code   RO          481    i.I2C_DMAAbort      stm32l0xx_hal_i2c.o
    0x08002614   0x08002614   0x0000005c   Code   RO          487    i.I2C_Disable_IRQ   stm32l0xx_hal_i2c.o
    0x08002670   0x08002670   0x00000022   Code   RO          489    i.I2C_Flush_TXDR    stm32l0xx_hal_i2c.o
    0x08002692   0x08002692   0x0000009a   Code   RO          490    i.I2C_ITAddrCplt    stm32l0xx_hal_i2c.o
    0x0800272c   0x0800272c   0x000000d4   Code   RO          491    i.I2C_ITError       stm32l0xx_hal_i2c.o
    0x08002800   0x08002800   0x00000060   Code   RO          492    i.I2C_ITListenCplt  stm32l0xx_hal_i2c.o
    0x08002860   0x08002860   0x00000100   Code   RO          495    i.I2C_ITSlaveCplt   stm32l0xx_hal_i2c.o
    0x08002960   0x08002960   0x0000004a   Code   RO          496    i.I2C_ITSlaveSeqCplt  stm32l0xx_hal_i2c.o
    0x080029aa   0x080029aa   0x00000002   PAD
    0x080029ac   0x080029ac   0x00000080   Code   RO          497    i.I2C_IsAcknowledgeFailed  stm32l0xx_hal_i2c.o
    0x08002a2c   0x08002a2c   0x00000074   Code   RO          500    i.I2C_RequestMemoryRead  stm32l0xx_hal_i2c.o
    0x08002aa0   0x08002aa0   0x00000074   Code   RO          501    i.I2C_RequestMemoryWrite  stm32l0xx_hal_i2c.o
    0x08002b14   0x08002b14   0x00000138   Code   RO          503    i.I2C_Slave_ISR_IT  stm32l0xx_hal_i2c.o
    0x08002c4c   0x08002c4c   0x00000028   Code   RO          504    i.I2C_TransferConfig  stm32l0xx_hal_i2c.o
    0x08002c74   0x08002c74   0x0000004e   Code   RO          505    i.I2C_WaitOnFlagUntilTimeout  stm32l0xx_hal_i2c.o
    0x08002cc2   0x08002cc2   0x0000004e   Code   RO          507    i.I2C_WaitOnSTOPFlagUntilTimeout  stm32l0xx_hal_i2c.o
    0x08002d10   0x08002d10   0x00000052   Code   RO          508    i.I2C_WaitOnTXISFlagUntilTimeout  stm32l0xx_hal_i2c.o
    0x08002d62   0x08002d62   0x00000002   PAD
    0x08002d64   0x08002d64   0x00000034   Code   RO          285    i.I2Cx_ReadData     bme280.o
    0x08002d98   0x08002d98   0x0000002c   Code   RO          286    i.I2Cx_ReadData16   bme280.o
    0x08002dc4   0x08002dc4   0x0000002c   Code   RO          287    i.I2Cx_ReadData24   bme280.o
    0x08002df0   0x08002df0   0x0000002c   Code   RO          288    i.I2Cx_WriteData    bme280.o
    0x08002e1c   0x08002e1c   0x00000064   Code   RO           13    i.MX_GPIO_Init      main.o
    0x08002e80   0x08002e80   0x00000058   Code   RO           14    i.MX_I2C1_Init      main.o
    0x08002ed8   0x08002ed8   0x00000038   Code   RO           15    i.MX_USART2_UART_Init  main.o
    0x08002f10   0x08002f10   0x00000002   Code   RO          168    i.NMI_Handler       stm32l0xx_it.o
    0x08002f12   0x08002f12   0x00000002   PAD
    0x08002f14   0x08002f14   0x00000044   Code   RO         2368    i.NVIC_SetPriority  stm32l0xx_hal_cortex.o
    0x08002f58   0x08002f58   0x00000002   Code   RO          169    i.PendSV_Handler    stm32l0xx_it.o
    0x08002f5a   0x08002f5a   0x00000002   Code   RO          170    i.SVC_Handler       stm32l0xx_it.o
    0x08002f5c   0x08002f5c   0x00000008   Code   RO          171    i.SysTick_Handler   stm32l0xx_it.o
    0x08002f64   0x08002f64   0x00000090   Code   RO           16    i.SystemClock_Config  main.o
    0x08002ff4   0x08002ff4   0x00000054   Code   RO         2451    i.SystemInit        system_stm32l0xx.o
    0x08003048   0x08003048   0x000000ca   Code   RO         1001    i.UART_AdvFeatureConfig  stm32l0xx_hal_uart.o
    0x08003112   0x08003112   0x00000002   PAD
    0x08003114   0x08003114   0x00000064   Code   RO         1002    i.UART_CheckIdleState  stm32l0xx_hal_uart.o
    0x08003178   0x08003178   0x000002ac   Code   RO         1018    i.UART_SetConfig    stm32l0xx_hal_uart.o
    0x08003424   0x08003424   0x00000062   Code   RO         1021    i.UART_WaitOnFlagUntilTimeout  stm32l0xx_hal_uart.o
    0x08003486   0x08003486   0x00000002   PAD
    0x08003488   0x08003488   0x00000028   Code   RO         2742    i.__0sprintf        mc_p.l(printfa.o)
    0x080034b0   0x080034b0   0x0000002e   Code   RO         2848    i.__ARM_clz         mf_p.l(depilogue.o)
    0x080034de   0x080034de   0x00000030   Code   RO          423    i.__ARM_common_ll_muluu  bme280.o
    0x0800350e   0x0800350e   0x0000001a   Code   RO         1314    i.__ARM_common_switch8  stm32l0xx_hal_uart.o
    0x08003528   0x08003528   0x0000002c   Code   RO         2800    i.__ARM_fpclassify  m_ps.l(fpclassify.o)
    0x08003554   0x08003554   0x000000ac   Code   RO         2802    i.__kernel_poly     m_ps.l(poly.o)
    0x08003600   0x08003600   0x00000014   Code   RO         2786    i.__mathlib_dbl_divzero  m_ps.l(dunder.o)
    0x08003614   0x08003614   0x00000008   Code   RO         2788    i.__mathlib_dbl_infnan2  m_ps.l(dunder.o)
    0x0800361c   0x0800361c   0x00000010   Code   RO         2789    i.__mathlib_dbl_invalid  m_ps.l(dunder.o)
    0x0800362c   0x0800362c   0x00000014   Code   RO         2790    i.__mathlib_dbl_overflow  m_ps.l(dunder.o)
    0x08003640   0x08003640   0x00000014   Code   RO         2792    i.__mathlib_dbl_underflow  m_ps.l(dunder.o)
    0x08003654   0x08003654   0x0000000e   Code   RO         2870    i.__scatterload_copy  mc_p.l(handlers.o)
    0x08003662   0x08003662   0x00000002   Code   RO         2871    i.__scatterload_null  mc_p.l(handlers.o)
    0x08003664   0x08003664   0x0000000e   Code   RO         2872    i.__scatterload_zeroinit  mc_p.l(handlers.o)
    0x08003672   0x08003672   0x00000002   PAD
    0x08003674   0x08003674   0x0000000c   Code   RO         2838    i.__set_errno       mc_p.l(errno.o)
    0x08003680   0x08003680   0x00000174   Code   RO         2747    i._fp_digits        mc_p.l(printfa.o)
    0x080037f4   0x080037f4   0x000006ec   Code   RO         2748    i._printf_core      mc_p.l(printfa.o)
    0x08003ee0   0x08003ee0   0x00000020   Code   RO         2749    i._printf_post_padding  mc_p.l(printfa.o)
    0x08003f00   0x08003f00   0x0000002c   Code   RO         2750    i._printf_pre_padding  mc_p.l(printfa.o)
    0x08003f2c   0x08003f2c   0x0000000a   Code   RO         2752    i._sputc            mc_p.l(printfa.o)
    0x08003f36   0x08003f36   0x00000002   PAD
    0x08003f38   0x08003f38   0x00000178   Code   RO           17    i.main              main.o
    0x080040b0   0x080040b0   0x000009fc   Code   RO         2483    i.pow               m_ps.l(pow.o)
    0x08004aac   0x08004aac   0x00000048   Code   RO         2806    i.sqrt              m_ps.l(sqrt.o)
    0x08004af4   0x08004af4   0x00000019   Data   RO         2452    .constdata          system_stm32l0xx.o
    0x08004b0d   0x08004b0d   0x00000008   Data   RO         2453    .constdata          system_stm32l0xx.o
    0x08004b15   0x08004b15   0x00000003   PAD
    0x08004b18   0x08004b18   0x00000088   Data   RO         2484    .constdata          m_ps.l(pow.o)
    0x08004ba0   0x08004ba0   0x00000008   Data   RO         2804    .constdata          m_ps.l(qnan.o)
    0x08004ba8   0x08004ba8   0x00000020   Data   RO         2868    Region$$Table       anon$$obj.o


    Execution Region RW_IRAM1 (Exec base: 0x20000000, Load base: 0x08004bc8, Size: 0x00000568, Max: 0x00002000, ABSOLUTE)

    Exec Addr    Load Addr    Size         Type   Attr      Idx    E Section Name        Object

    0x20000000   0x08004bc8   0x00000004   Data   RW          290    .data               bme280.o
    0x20000004   0x08004bcc   0x00000004   Data   RW         1416    .data               stm32l0xx_hal.o
    0x20000008   0x08004bd0   0x00000004   Data   RW         2454    .data               system_stm32l0xx.o
    0x2000000c   0x08004bd4   0x00000004   Data   RW         2839    .data               mc_p.l(errno.o)
    0x20000010        -       0x00000130   Zero   RW           18    .bss                main.o
    0x20000140        -       0x00000024   Zero   RW          289    .bss                bme280.o
    0x20000164   0x08004bd8   0x00000004   PAD
    0x20000168        -       0x00000400   Zero   RW            1    STACK               startup_stm32l031xx.o


==============================================================================

Image component sizes


      Code (inc. data)   RO Data    RW Data    ZI Data      Debug   Object Name

      2706        512          0          4         36      13871   bme280.o
       766        158          0          0        304     287588   main.o
        28          8        192          0       1024        628   startup_stm32l031xx.o
       144         20          0          4          0       3727   stm32l0xx_hal.o
       144         24          0          0          0       9125   stm32l0xx_hal_cortex.o
        76          0          0          0          0       1019   stm32l0xx_hal_dma.o
       340         24          0          0          0       2368   stm32l0xx_hal_gpio.o
      2954         72          0          0          0      22538   stm32l0xx_hal_i2c.o
       154          0          0          0          0       1995   stm32l0xx_hal_i2c_ex.o
       216         24          0          0          0       1999   stm32l0xx_hal_msp.o
      1780         96          0          0          0       6876   stm32l0xx_hal_rcc.o
       364         14          0          0          0       1512   stm32l0xx_hal_rcc_ex.o
      1450         72          0          0          0       6601   stm32l0xx_hal_uart.o
        52          6          0          0          0       2549   stm32l0xx_it.o
        84         18         33          4          0       1199   system_stm32l0xx.o

    ----------------------------------------------------------------------
     11278       1048        260         12       1368     363595   Object Totals
         0          0         32          0          0          0   (incl. Generated)
        20          0          3          0          4          0   (incl. Padding)

    ----------------------------------------------------------------------

      Code (inc. data)   RO Data    RW Data    ZI Data      Debug   Library Member Name

        84         14          0          0          0        340   dunder.o
        44          4          0          0          0         60   fpclassify.o
       172          0          0          0          0         76   poly.o
      2556        196        136          0          0        240   pow.o
         0          0          8          0          0          0   qnan.o
        72          6          0          0          0         76   sqrt.o
         0          0          0          0          0          0   entry.o
         0          0          0          0          0          0   entry10a.o
         0          0          0          0          0          0   entry11a.o
         8          4          0          0          0          0   entry2.o
         4          0          0          0          0          0   entry5.o
         0          0          0          0          0          0   entry7b.o
         0          0          0          0          0          0   entry8b.o
         8          4          0          0          0          0   entry9a.o
        12          6          0          4          0         60   errno.o
        30          0          0          0          0          0   handlers.o
        36          8          0          0          0         68   init.o
         0          0          0          0          0          0   iusefp.o
        76          0          0          0          0         76   ldiv.o
       122          0          0          0          0         84   llmul.o
        32          0          0          0          0         68   llshl.o
        38          0          0          0          0         68   llsshr.o
        34          0          0          0          0         68   llushr.o
        36          0          0          0          0        100   memseta.o
      2270         94          0          0          0        472   printfa.o
        14          0          0          0          0         60   strlen.o
        44          0          0          0          0         72   uidiv.o
        96          0          0          0          0         84   uldiv.o
        40          2          0          0          0         68   cdrcmple.o
        56          0          0          0          0         68   d2f.o
       356          4          0          0          0        140   dadd.o
       240          6          0          0          0         84   ddiv.o
       236          0          0          0          0        216   depilogue.o
        64         10          0          0          0         68   dfixul.o
        40          6          0          0          0         68   dflti.o
       208          6          0          0          0         88   dmul.o
        44          0          0          0          0         72   dscalb.o
       162          0          0          0          0         80   dsqrt.o
        40          0          0          0          0         60   f2d.o
       124          0          0          0          0         72   fdiv.o
       130          0          0          0          0        144   fepilogue.o
        22          0          0          0          0         68   fflti.o
        14          0          0          0          0         68   ffltui.o
       122          0          0          0          0         72   fmul.o
        24          0          0          0          0         60   fscalb.o

    ----------------------------------------------------------------------
      7718        370        144          4          0       3568   Library Totals
         8          0          0          0          0          0   (incl. Padding)

    ----------------------------------------------------------------------

      Code (inc. data)   RO Data    RW Data    ZI Data      Debug   Library Name

      2928        220        144          0          0        792   m_ps.l
      2860        116          0          4          0       1280   mc_p.l
      1922         34          0          0          0       1496   mf_p.l

    ----------------------------------------------------------------------
      7718        370        144          4          0       3568   Library Totals

    ----------------------------------------------------------------------

==============================================================================


      Code (inc. data)   RO Data    RW Data    ZI Data      Debug   

     18996       1418        404         16       1368     361455   Grand Totals
     18996       1418        404         16       1368     361455   ELF Image Totals
     18996       1418        404         16          0          0   ROM Totals

==============================================================================

    Total RO  Size (Code + RO Data)                19400 (  18.95kB)
    Total RW  Size (RW Data + ZI Data)              1384 (   1.35kB)
    Total ROM Size (Code + RO Data + RW Data)      19416 (  18.96kB)

==============================================================================

